out-file : 文件“E:\DATA\vscode\FluxPhased\experiments\array_face_s7\learning_repair\s9_n4_output_seed20261023\final_ev
al_run.log”正由另一进程使用，因此该进程无法访问此文件。
所在位置 E:\DATA\vscode\FluxPhased\_run_master_chain.ps1:76 字符: 5
+     & $pyexe -u _s7_final_eval.py --seed $seed --out-dir $out @extraA ...
+     ~~~~~~~~~~~~~~~~~~~~~~~~~~~~~~~~~~~~~~~~~~~~~~~~~~~~~~~~~~~~~~~~~
    + CategoryInfo          : OpenError: (:) [Out-File], IOException
    + FullyQualifiedErrorId : FileOpenFailure,Microsoft.PowerShell.Commands.OutFileCommand
 
out-file : 文件“E:\DATA\vscode\FluxPhased\experiments\array_face_s7\learning_repair\s9_n4_output_seed20261023\final_ev
al_run.log”正由另一进程使用，因此该进程无法访问此文件。
所在位置 E:\DATA\vscode\FluxPhased\_run_master_chain.ps1:76 字符: 5
+     & $pyexe -u _s7_final_eval.py --seed $seed --out-dir $out @extraA ...
+     ~~~~~~~~~~~~~~~~~~~~~~~~~~~~~~~~~~~~~~~~~~~~~~~~~~~~~~~~~~~~~~~~~
    + CategoryInfo          : OpenError: (:) [Out-File], IOException
    + FullyQualifiedErrorId : FileOpenFailure,Microsoft.PowerShell.Commands.OutFileCommand
 
out-file : 文件“E:\DATA\vscode\FluxPhased\experiments\array_face_s7\learning_repair\s9_n4_output_seed20261023\final_ev
al_run.log”正由另一进程使用，因此该进程无法访问此文件。
所在位置 E:\DATA\vscode\FluxPhased\_run_master_chain.ps1:76 字符: 5
+     & $pyexe -u _s7_final_eval.py --seed $seed --out-dir $out @extraA ...
+     ~~~~~~~~~~~~~~~~~~~~~~~~~~~~~~~~~~~~~~~~~~~~~~~~~~~~~~~~~~~~~~~~~
    + CategoryInfo          : OpenError: (:) [Out-File], IOException
    + FullyQualifiedErrorId : FileOpenFailure,Microsoft.PowerShell.Commands.OutFileCommand
 
out-file : 文件“E:\DATA\vscode\FluxPhased\experiments\array_face_s7\learning_repair\s9_n4_output_seed20261023\final_ev
al_run.log”正由另一进程使用，因此该进程无法访问此文件。
所在位置 E:\DATA\vscode\FluxPhased\_run_master_chain.ps1:76 字符: 5
+     & $pyexe -u _s7_final_eval.py --seed $seed --out-dir $out @extraA ...
+     ~~~~~~~~~~~~~~~~~~~~~~~~~~~~~~~~~~~~~~~~~~~~~~~~~~~~~~~~~~~~~~~~~
    + CategoryInfo          : OpenError: (:) [Out-File], IOException
    + FullyQualifiedErrorId : FileOpenFailure,Microsoft.PowerShell.Commands.OutFileCommand
 
