[gpu] Using device: cuda
[gpu] GPU: NVIDIA RTX PRO 6000 Blackwell Workstation Edition
[gpu] VRAM: 101.9 GB
S1 PPO AMENDMENT 02 (stronger exploration)  seed=20260730
  entropy_coef=5e-3, anneal_frac=0.5, target_kl=0.02
  train_seeds=64  val_seeds=64
  out_dir=/home/ubuntu/CODE/g3-bsta-fastwork/experiments/array_face_s1/learning_repair/s1_ppo_output_amend02_seed20260730
  iter    9  rollout_drop=0.0218  val_drop=0.0186  entropy=0.3520  trans=10240  elapsed=42s
  iter   19  rollout_drop=0.0138  val_drop=0.0348  entropy=0.2918  trans=20480  elapsed=84s
  iter   29  rollout_drop=0.0402  val_drop=0.0644  entropy=0.1930  trans=30720  elapsed=126s
  iter   39  rollout_drop=0.0674  val_drop=0.0751  entropy=0.1409  trans=40960  elapsed=168s
  iter   49  rollout_drop=0.0692  val_drop=0.0854  entropy=0.1012  trans=51200  elapsed=210s
  iter   59  rollout_drop=0.0678  val_drop=0.0869  entropy=0.0910  trans=61440  elapsed=252s
  iter   69  rollout_drop=0.0831  val_drop=0.0867  entropy=0.0913  trans=71680  elapsed=294s
  iter   79  rollout_drop=0.0702  val_drop=0.0850  entropy=0.1035  trans=81920  elapsed=336s
  iter   89  rollout_drop=0.0707  val_drop=0.0864  entropy=0.0683  trans=92160  elapsed=378s
  iter   99  rollout_drop=0.0815  val_drop=0.0922  entropy=0.0482  trans=102400  elapsed=420s
  iter  109  rollout_drop=0.0742  val_drop=0.0882  entropy=0.0558  trans=112640  elapsed=462s
  iter  119  rollout_drop=0.0779  val_drop=0.0886  entropy=0.0641  trans=122880  elapsed=504s
  iter  129  rollout_drop=0.0719  val_drop=0.0902  entropy=0.0487  trans=133120  elapsed=546s
  iter  139  rollout_drop=0.0739  val_drop=0.0915  entropy=0.0445  trans=143360  elapsed=589s
  iter  149  rollout_drop=0.0879  val_drop=0.0936  entropy=0.0432  trans=153600  elapsed=631s
  iter  159  rollout_drop=0.0815  val_drop=0.0894  entropy=0.0524  trans=163840  elapsed=673s
  iter  169  rollout_drop=0.0812  val_drop=0.0891  entropy=0.0524  trans=174080  elapsed=715s
  iter  179  rollout_drop=0.0782  val_drop=0.0882  entropy=0.0464  trans=184320  elapsed=757s
  iter  189  rollout_drop=0.0809  val_drop=0.0885  entropy=0.0615  trans=194560  elapsed=800s
  iter  199  rollout_drop=0.0779  val_drop=0.0915  entropy=0.0477  trans=204800  elapsed=842s
  iter  209  rollout_drop=0.0638  val_drop=0.0885  entropy=0.0667  trans=215040  elapsed=884s
  iter  219  rollout_drop=0.0809  val_drop=0.0894  entropy=0.0512  trans=225280  elapsed=926s
  iter  229  rollout_drop=0.0637  val_drop=0.0898  entropy=0.0791  trans=235520  elapsed=969s
  iter  239  rollout_drop=0.0789  val_drop=0.0893  entropy=0.0619  trans=245760  elapsed=1011s
  iter  249  rollout_drop=0.0765  val_drop=0.0894  entropy=0.0503  trans=256000  elapsed=1053s
  iter  259  rollout_drop=0.0879  val_drop=0.0885  entropy=0.0528  trans=266240  elapsed=1094s
  iter  269  rollout_drop=0.0761  val_drop=0.0902  entropy=0.0589  trans=276480  elapsed=1137s
  iter  279  rollout_drop=0.0806  val_drop=0.0925  entropy=0.0324  trans=286720  elapsed=1179s
  iter  289  rollout_drop=0.0704  val_drop=0.0925  entropy=0.0347  trans=296960  elapsed=1221s
  iter  299  rollout_drop=0.0697  val_drop=0.0928  entropy=0.0224  trans=307200  elapsed=1263s
  iter  309  rollout_drop=0.0747  val_drop=0.0933  entropy=0.0178  trans=317440  elapsed=1305s
  iter  319  rollout_drop=0.0780  val_drop=0.0937  entropy=0.0181  trans=327680  elapsed=1347s
  iter  329  rollout_drop=0.0780  val_drop=0.0937  entropy=0.0179  trans=337920  elapsed=1389s
  iter  339  rollout_drop=0.0780  val_drop=0.0937  entropy=0.0229  trans=348160  elapsed=1431s
  iter  349  rollout_drop=0.0749  val_drop=0.0902  entropy=0.0379  trans=358400  elapsed=1473s
  iter  359  rollout_drop=0.0780  val_drop=0.0936  entropy=0.0243  trans=368640  elapsed=1516s
  iter  369  rollout_drop=0.0728  val_drop=0.0937  entropy=0.0178  trans=378880  elapsed=1559s
  iter  379  rollout_drop=0.0780  val_drop=0.0933  entropy=0.0164  trans=389120  elapsed=1601s
  iter  389  rollout_drop=0.0739  val_drop=0.0929  entropy=0.0117  trans=399360  elapsed=1644s
  iter  399  rollout_drop=0.0780  val_drop=0.0929  entropy=0.0097  trans=409600  elapsed=1687s
  iter  409  rollout_drop=0.0676  val_drop=0.0929  entropy=0.0099  trans=419840  elapsed=1729s
  iter  419  rollout_drop=0.0780  val_drop=0.0929  entropy=0.0106  trans=430080  elapsed=1772s
  iter  429  rollout_drop=0.0780  val_drop=0.0933  entropy=0.0116  trans=440320  elapsed=1815s
  iter  439  rollout_drop=0.0780  val_drop=0.0929  entropy=0.0088  trans=450560  elapsed=1858s
  iter  449  rollout_drop=0.0719  val_drop=0.0929  entropy=0.0064  trans=460800  elapsed=1901s
  iter  459  rollout_drop=0.0739  val_drop=0.0929  entropy=0.0073  trans=471040  elapsed=1944s
  iter  469  rollout_drop=0.0780  val_drop=0.0929  entropy=0.0088  trans=481280  elapsed=1986s
  iter  479  rollout_drop=0.0780  val_drop=0.0929  entropy=0.0073  trans=491520  elapsed=2029s
  iter  489  rollout_drop=0.0697  val_drop=0.0929  entropy=0.0064  trans=501760  elapsed=2072s
  iter  499  rollout_drop=0.0754  val_drop=0.0929  entropy=0.0081  trans=512000  elapsed=2115s
  iter  509  rollout_drop=0.0747  val_drop=0.0933  entropy=0.0131  trans=522240  elapsed=2157s
  iter  519  rollout_drop=0.0719  val_drop=0.0937  entropy=0.0177  trans=532480  elapsed=2200s
  iter  529  rollout_drop=0.0711  val_drop=0.0905  entropy=0.0284  trans=542720  elapsed=2243s
  iter  539  rollout_drop=0.0759  val_drop=0.0884  entropy=0.0586  trans=552960  elapsed=2285s
  iter  549  rollout_drop=0.0739  val_drop=0.0936  entropy=0.0292  trans=563200  elapsed=2328s
  iter  559  rollout_drop=0.0780  val_drop=0.0937  entropy=0.0131  trans=573440  elapsed=2370s
  iter  569  rollout_drop=0.0739  val_drop=0.0933  entropy=0.0163  trans=583680  elapsed=2412s
  iter  579  rollout_drop=0.0780  val_drop=0.0937  entropy=0.0123  trans=593920  elapsed=2455s
  iter  589  rollout_drop=0.0754  val_drop=0.0929  entropy=0.0089  trans=604160  elapsed=2498s
  iter  599  rollout_drop=0.0747  val_drop=0.0929  entropy=0.0114  trans=614400  elapsed=2540s
  iter  609  rollout_drop=0.0745  val_drop=0.0929  entropy=0.0094  trans=624640  elapsed=2582s
  iter  619  rollout_drop=0.0697  val_drop=0.0929  entropy=0.0076  trans=634880  elapsed=2625s
  iter  629  rollout_drop=0.0747  val_drop=0.0929  entropy=0.0064  trans=645120  elapsed=2667s
  iter  639  rollout_drop=0.0780  val_drop=0.0929  entropy=0.0052  trans=655360  elapsed=2710s
  iter  649  rollout_drop=0.0780  val_drop=0.0929  entropy=0.0050  trans=665600  elapsed=2752s
  iter  659  rollout_drop=0.0780  val_drop=0.0929  entropy=0.0051  trans=675840  elapsed=2795s
  iter  669  rollout_drop=0.0775  val_drop=0.0929  entropy=0.0046  trans=686080  elapsed=2837s
  iter  679  rollout_drop=0.0780  val_drop=0.0929  entropy=0.0041  trans=696320  elapsed=2880s
  iter  689  rollout_drop=0.0728  val_drop=0.0929  entropy=0.0036  trans=706560  elapsed=2922s
  iter  699  rollout_drop=0.0780  val_drop=0.0929  entropy=0.0035  trans=716800  elapsed=2964s
  iter  709  rollout_drop=0.0739  val_drop=0.0929  entropy=0.0046  trans=727040  elapsed=3007s
  iter  719  rollout_drop=0.0780  val_drop=0.0929  entropy=0.0043  trans=737280  elapsed=3049s
  iter  729  rollout_drop=0.0676  val_drop=0.0929  entropy=0.0041  trans=747520  elapsed=3092s
  iter  739  rollout_drop=0.0780  val_drop=0.0929  entropy=0.0037  trans=757760  elapsed=3134s
  iter  749  rollout_drop=0.0780  val_drop=0.0929  entropy=0.0029  trans=768000  elapsed=3176s
  iter  759  rollout_drop=0.0780  val_drop=0.0929  entropy=0.0020  trans=778240  elapsed=3219s
  iter  769  rollout_drop=0.0719  val_drop=0.0929  entropy=0.0024  trans=788480  elapsed=3261s
  iter  779  rollout_drop=0.0739  val_drop=0.0929  entropy=0.0026  trans=798720  elapsed=3304s
  iter  789  rollout_drop=0.0780  val_drop=0.0929  entropy=0.0028  trans=808960  elapsed=3346s
  iter  799  rollout_drop=0.0780  val_drop=0.0929  entropy=0.0032  trans=819200  elapsed=3389s
  iter  809  rollout_drop=0.0697  val_drop=0.0929  entropy=0.0025  trans=829440  elapsed=3431s
  iter  819  rollout_drop=0.0754  val_drop=0.0929  entropy=0.0024  trans=839680  elapsed=3474s
  iter  829  rollout_drop=0.0780  val_drop=0.0929  entropy=0.0023  trans=849920  elapsed=3516s
  iter  839  rollout_drop=0.0709  val_drop=0.0929  entropy=0.0025  trans=860160  elapsed=3558s
  iter  849  rollout_drop=0.0711  val_drop=0.0929  entropy=0.0019  trans=870400  elapsed=3601s
  iter  859  rollout_drop=0.0749  val_drop=0.0929  entropy=0.0019  trans=880640  elapsed=3644s
  iter  869  rollout_drop=0.0780  val_drop=0.0929  entropy=0.0026  trans=890880  elapsed=3686s
  iter  879  rollout_drop=0.0780  val_drop=0.0929  entropy=0.0022  trans=901120  elapsed=3729s
  iter  889  rollout_drop=0.0739  val_drop=0.0929  entropy=0.0023  trans=911360  elapsed=3772s
  iter  899  rollout_drop=0.0750  val_drop=0.0929  entropy=0.0019  trans=921600  elapsed=3815s
  iter  909  rollout_drop=0.0754  val_drop=0.0929  entropy=0.0017  trans=931840  elapsed=3857s
  iter  919  rollout_drop=0.0780  val_drop=0.0929  entropy=0.0015  trans=942080  elapsed=3900s
  iter  929  rollout_drop=0.0745  val_drop=0.0929  entropy=0.0017  trans=952320  elapsed=3942s
  iter  939  rollout_drop=0.0697  val_drop=0.0929  entropy=0.0017  trans=962560  elapsed=3985s
  iter  949  rollout_drop=0.0747  val_drop=0.0929  entropy=0.0017  trans=972800  elapsed=4028s
  iter  959  rollout_drop=0.0780  val_drop=0.0929  entropy=0.0017  trans=983040  elapsed=4070s
  iter  969  rollout_drop=0.0780  val_drop=0.0929  entropy=0.0017  trans=993280  elapsed=4113s
  iter  979  rollout_drop=0.0780  val_drop=0.0929  entropy=0.0022  trans=1003520  elapsed=4156s
  iter  989  rollout_drop=0.0749  val_drop=0.0929  entropy=0.0022  trans=1013760  elapsed=4198s
  iter  999  rollout_drop=0.0780  val_drop=0.0929  entropy=0.0015  trans=1024000  elapsed=4241s

wrote /home/ubuntu/CODE/g3-bsta-fastwork/experiments/array_face_s1/learning_repair/s1_ppo_output_amend02_seed20260730/train_metrics.jsonl (1000 rows)
wrote /home/ubuntu/CODE/g3-bsta-fastwork/experiments/array_face_s1/learning_repair/s1_ppo_output_amend02_seed20260730/val_metrics.jsonl (100 rows)
elapsed: 4240.9s
