[gpu] Using device: cuda
[gpu] GPU: NVIDIA GeForce RTX 2060
[gpu] VRAM: 6.4 GB
S3 PPO (cell binding)  seed=20260729
  train_seeds=64  val_seeds=64
  heads: [('base', 'categorical', 3), ('beam', 'categorical', 5), ('cell', 'bernoulli', 5)]
  out_dir=E:\DATA\vscode\FluxPhased\experiments\array_face_s3\learning_repair\s3_ppo_output_amend02_seed20260729
  iter    9  rollout_drop=0.0028  val_drop=0.0064  entropy=5.6901 (b=0.651+m=1.595+c=3.444)  trans=10240  elapsed=288s
  iter   19  rollout_drop=0.0086  val_drop=0.0064  entropy=5.5956 (b=0.601+m=1.582+c=3.412)  trans=20480  elapsed=603s
  iter   29  rollout_drop=0.0148  val_drop=0.0086  entropy=5.5533 (b=0.568+m=1.587+c=3.398)  trans=30720  elapsed=901s
  iter   39  rollout_drop=0.0028  val_drop=0.0127  entropy=5.5260 (b=0.519+m=1.595+c=3.413)  trans=40960  elapsed=1180s
  iter   49  rollout_drop=0.0323  val_drop=0.0216  entropy=5.4629 (b=0.462+m=1.594+c=3.407)  trans=51200  elapsed=1470s
  [checkpoint] saved iter 49
  iter   59  rollout_drop=0.0218  val_drop=0.0336  entropy=5.3452 (b=0.360+m=1.578+c=3.407)  trans=61440  elapsed=1766s
  iter   69  rollout_drop=0.0413  val_drop=0.0447  entropy=5.2874 (b=0.296+m=1.576+c=3.416)  trans=71680  elapsed=2061s
  iter   79  rollout_drop=0.0547  val_drop=0.0485  entropy=5.2551 (b=0.270+m=1.566+c=3.419)  trans=81920  elapsed=2345s
  iter   89  rollout_drop=0.0900  val_drop=0.0612  entropy=5.1586 (b=0.219+m=1.533+c=3.407)  trans=92160  elapsed=2635s
  iter   99  rollout_drop=0.1044  val_drop=0.0762  entropy=5.1033 (b=0.211+m=1.478+c=3.414)  trans=102400  elapsed=2939s
  [checkpoint] saved iter 99
  iter  109  rollout_drop=0.1103  val_drop=0.0934  entropy=5.0167 (b=0.174+m=1.420+c=3.422)  trans=112640  elapsed=3285s
  iter  119  rollout_drop=0.1109  val_drop=0.1088  entropy=4.9271 (b=0.163+m=1.338+c=3.426)  trans=122880  elapsed=3623s
  iter  129  rollout_drop=0.1334  val_drop=0.1242  entropy=4.7652 (b=0.121+m=1.221+c=3.423)  trans=133120  elapsed=3960s
  iter  139  rollout_drop=0.1291  val_drop=0.1319  entropy=4.6356 (b=0.102+m=1.151+c=3.382)  trans=143360  elapsed=4257s
  iter  149  rollout_drop=0.1721  val_drop=0.1482  entropy=4.4889 (b=0.096+m=1.013+c=3.381)  trans=153600  elapsed=4554s
  [checkpoint] saved iter 149
  iter  159  rollout_drop=0.1697  val_drop=0.1580  entropy=4.4440 (b=0.093+m=0.976+c=3.375)  trans=163840  elapsed=4841s
  iter  169  rollout_drop=0.1669  val_drop=0.1741  entropy=4.3235 (b=0.076+m=0.908+c=3.339)  trans=174080  elapsed=5128s
  iter  179  rollout_drop=0.1975  val_drop=0.1784  entropy=4.2957 (b=0.084+m=0.885+c=3.327)  trans=184320  elapsed=5451s
  iter  189  rollout_drop=0.2271  val_drop=0.2010  entropy=4.1572 (b=0.070+m=0.830+c=3.257)  trans=194560  elapsed=5779s
  iter  199  rollout_drop=0.2403  val_drop=0.2145  entropy=4.0015 (b=0.069+m=0.754+c=3.179)  trans=204800  elapsed=6074s
  [checkpoint] saved iter 199
  iter  209  rollout_drop=0.2484  val_drop=0.2261  entropy=3.9090 (b=0.069+m=0.735+c=3.105)  trans=215040  elapsed=6352s
  iter  219  rollout_drop=0.2359  val_drop=0.2390  entropy=3.7631 (b=0.081+m=0.662+c=3.021)  trans=225280  elapsed=6627s
  iter  229  rollout_drop=0.2788  val_drop=0.2533  entropy=3.4945 (b=0.070+m=0.531+c=2.894)  trans=235520  elapsed=6902s
  iter  239  rollout_drop=0.2913  val_drop=0.2611  entropy=3.3882 (b=0.056+m=0.509+c=2.823)  trans=245760  elapsed=7173s
  iter  249  rollout_drop=0.2854  val_drop=0.2684  entropy=3.3218 (b=0.066+m=0.497+c=2.759)  trans=256000  elapsed=7449s
  [checkpoint] saved iter 249
  iter  259  rollout_drop=0.3157  val_drop=0.2785  entropy=3.1253 (b=0.050+m=0.415+c=2.660)  trans=266240  elapsed=7723s
  iter  269  rollout_drop=0.3253  val_drop=0.2920  entropy=2.8526 (b=0.058+m=0.312+c=2.483)  trans=276480  elapsed=7997s
  iter  279  rollout_drop=0.3584  val_drop=0.3003  entropy=2.6717 (b=0.050+m=0.244+c=2.377)  trans=286720  elapsed=8272s
  iter  289  rollout_drop=0.3036  val_drop=0.2951  entropy=2.6806 (b=0.035+m=0.250+c=2.396)  trans=296960  elapsed=8548s
  iter  299  rollout_drop=0.3200  val_drop=0.2985  entropy=2.6491 (b=0.041+m=0.242+c=2.366)  trans=307200  elapsed=8823s
  [checkpoint] saved iter 299
  iter  309  rollout_drop=0.3611  val_drop=0.3057  entropy=2.5706 (b=0.037+m=0.217+c=2.317)  trans=317440  elapsed=9095s
  iter  319  rollout_drop=0.3570  val_drop=0.3150  entropy=2.4214 (b=0.031+m=0.173+c=2.217)  trans=327680  elapsed=9373s
  iter  329  rollout_drop=0.3440  val_drop=0.3218  entropy=2.3703 (b=0.038+m=0.167+c=2.165)  trans=337920  elapsed=9653s
  iter  339  rollout_drop=0.3331  val_drop=0.3363  entropy=2.2222 (b=0.033+m=0.158+c=2.031)  trans=348160  elapsed=9926s
  iter  349  rollout_drop=0.3513  val_drop=0.3426  entropy=2.0516 (b=0.031+m=0.119+c=1.902)  trans=358400  elapsed=10202s
  [checkpoint] saved iter 349
  iter  359  rollout_drop=0.3195  val_drop=0.3479  entropy=1.8947 (b=0.022+m=0.092+c=1.781)  trans=368640  elapsed=10477s
  iter  369  rollout_drop=0.3557  val_drop=0.3519  entropy=1.8017 (b=0.026+m=0.088+c=1.688)  trans=378880  elapsed=10751s
  iter  379  rollout_drop=0.3620  val_drop=0.3542  entropy=1.8064 (b=0.024+m=0.081+c=1.701)  trans=389120  elapsed=11024s
  iter  389  rollout_drop=0.3933  val_drop=0.3562  entropy=1.7310 (b=0.021+m=0.072+c=1.638)  trans=399360  elapsed=11297s
  iter  399  rollout_drop=0.3739  val_drop=0.3579  entropy=1.6634 (b=0.015+m=0.057+c=1.591)  trans=409600  elapsed=11568s
  [checkpoint] saved iter 399
  iter  409  rollout_drop=0.3982  val_drop=0.3603  entropy=1.4989 (b=0.014+m=0.049+c=1.435)  trans=419840  elapsed=11842s
  iter  419  rollout_drop=0.4034  val_drop=0.3634  entropy=1.4176 (b=0.022+m=0.061+c=1.335)  trans=430080  elapsed=12114s
  iter  429  rollout_drop=0.3849  val_drop=0.3671  entropy=1.3397 (b=0.018+m=0.056+c=1.266)  trans=440320  elapsed=12386s
  iter  439  rollout_drop=0.3743  val_drop=0.3689  entropy=1.2641 (b=0.013+m=0.045+c=1.207)  trans=450560  elapsed=12658s
  iter  449  rollout_drop=0.4038  val_drop=0.3710  entropy=1.2152 (b=0.011+m=0.033+c=1.171)  trans=460800  elapsed=12933s
  [checkpoint] saved iter 449
  iter  459  rollout_drop=0.4039  val_drop=0.3722  entropy=1.1593 (b=0.009+m=0.029+c=1.121)  trans=471040  elapsed=13207s
  iter  469  rollout_drop=0.4242  val_drop=0.3758  entropy=1.1158 (b=0.008+m=0.029+c=1.079)  trans=481280  elapsed=13481s
  iter  479  rollout_drop=0.3859  val_drop=0.3768  entropy=1.1117 (b=0.009+m=0.030+c=1.073)  trans=491520  elapsed=13753s
  iter  489  rollout_drop=0.4071  val_drop=0.3777  entropy=1.0771 (b=0.009+m=0.029+c=1.039)  trans=501760  elapsed=14028s
  iter  499  rollout_drop=0.3867  val_drop=0.3799  entropy=1.0459 (b=0.007+m=0.024+c=1.014)  trans=512000  elapsed=14302s
  [checkpoint] saved iter 499
  iter  509  rollout_drop=0.4105  val_drop=0.3859  entropy=0.9988 (b=0.006+m=0.020+c=0.973)  trans=522240  elapsed=14574s
  iter  519  rollout_drop=0.4056  val_drop=0.3872  entropy=0.9629 (b=0.006+m=0.018+c=0.939)  trans=532480  elapsed=14850s
  iter  529  rollout_drop=0.4146  val_drop=0.3880  entropy=0.9371 (b=0.006+m=0.016+c=0.915)  trans=542720  elapsed=15124s
  iter  539  rollout_drop=0.3610  val_drop=0.3897  entropy=0.9024 (b=0.005+m=0.015+c=0.882)  trans=552960  elapsed=15397s
  iter  549  rollout_drop=0.3984  val_drop=0.3907  entropy=0.8737 (b=0.007+m=0.016+c=0.851)  trans=563200  elapsed=15672s
  [checkpoint] saved iter 549
  iter  559  rollout_drop=0.3905  val_drop=0.3937  entropy=0.8630 (b=0.006+m=0.014+c=0.843)  trans=573440  elapsed=15945s
  iter  569  rollout_drop=0.4034  val_drop=0.3969  entropy=0.8417 (b=0.004+m=0.011+c=0.826)  trans=583680  elapsed=16221s
  iter  579  rollout_drop=0.4264  val_drop=0.3984  entropy=0.8258 (b=0.004+m=0.010+c=0.812)  trans=593920  elapsed=16496s
  iter  589  rollout_drop=0.3906  val_drop=0.3963  entropy=0.8439 (b=0.004+m=0.011+c=0.829)  trans=604160  elapsed=16769s
  iter  599  rollout_drop=0.4216  val_drop=0.3920  entropy=0.8764 (b=0.004+m=0.011+c=0.861)  trans=614400  elapsed=17045s
  [checkpoint] saved iter 599
  iter  609  rollout_drop=0.3855  val_drop=0.3927  entropy=0.8847 (b=0.004+m=0.010+c=0.871)  trans=624640  elapsed=17322s
  iter  619  rollout_drop=0.3891  val_drop=0.3960  entropy=0.8842 (b=0.004+m=0.010+c=0.871)  trans=634880  elapsed=17600s
  iter  629  rollout_drop=0.4430  val_drop=0.3925  entropy=0.8563 (b=0.004+m=0.009+c=0.843)  trans=645120  elapsed=17874s
  iter  639  rollout_drop=0.3985  val_drop=0.3983  entropy=0.7781 (b=0.003+m=0.008+c=0.767)  trans=655360  elapsed=18146s
  iter  649  rollout_drop=0.4044  val_drop=0.3970  entropy=0.7570 (b=0.004+m=0.008+c=0.745)  trans=665600  elapsed=18431s
  [checkpoint] saved iter 649
  iter  659  rollout_drop=0.3995  val_drop=0.4002  entropy=0.7323 (b=0.004+m=0.008+c=0.721)  trans=675840  elapsed=18702s
  iter  669  rollout_drop=0.3994  val_drop=0.4006  entropy=0.7313 (b=0.005+m=0.008+c=0.718)  trans=686080  elapsed=18973s
  iter  679  rollout_drop=0.3726  val_drop=0.4046  entropy=0.6859 (b=0.004+m=0.007+c=0.674)  trans=696320  elapsed=19245s
  iter  689  rollout_drop=0.3958  val_drop=0.4066  entropy=0.6569 (b=0.004+m=0.007+c=0.645)  trans=706560  elapsed=19516s
  iter  699  rollout_drop=0.4077  val_drop=0.4096  entropy=0.6368 (b=0.005+m=0.006+c=0.626)  trans=716800  elapsed=19786s
  [checkpoint] saved iter 699
  iter  709  rollout_drop=0.4297  val_drop=0.4112  entropy=0.5936 (b=0.005+m=0.006+c=0.583)  trans=727040  elapsed=20056s
  iter  719  rollout_drop=0.4056  val_drop=0.4112  entropy=0.5723 (b=0.004+m=0.005+c=0.564)  trans=737280  elapsed=20327s
  iter  729  rollout_drop=0.4571  val_drop=0.4108  entropy=0.5647 (b=0.003+m=0.005+c=0.556)  trans=747520  elapsed=20597s
  iter  739  rollout_drop=0.4431  val_drop=0.4107  entropy=0.5454 (b=0.003+m=0.005+c=0.538)  trans=757760  elapsed=20869s
  iter  749  rollout_drop=0.4201  val_drop=0.4125  entropy=0.5057 (b=0.002+m=0.005+c=0.498)  trans=768000  elapsed=21140s
  [checkpoint] saved iter 749
  iter  759  rollout_drop=0.4079  val_drop=0.4136  entropy=0.4980 (b=0.002+m=0.005+c=0.491)  trans=778240  elapsed=21411s
  iter  769  rollout_drop=0.4346  val_drop=0.4144  entropy=0.4906 (b=0.002+m=0.004+c=0.484)  trans=788480  elapsed=21682s
  iter  779  rollout_drop=0.4240  val_drop=0.4148  entropy=0.4880 (b=0.002+m=0.005+c=0.481)  trans=798720  elapsed=21952s
  iter  789  rollout_drop=0.4403  val_drop=0.4153  entropy=0.4770 (b=0.002+m=0.003+c=0.472)  trans=808960  elapsed=22224s
  iter  799  rollout_drop=0.4296  val_drop=0.4157  entropy=0.4513 (b=0.001+m=0.003+c=0.447)  trans=819200  elapsed=22494s
  [checkpoint] saved iter 799
  iter  809  rollout_drop=0.4298  val_drop=0.4187  entropy=0.4419 (b=0.001+m=0.004+c=0.437)  trans=829440  elapsed=22764s
  iter  819  rollout_drop=0.4189  val_drop=0.4193  entropy=0.4088 (b=0.001+m=0.003+c=0.404)  trans=839680  elapsed=23036s
  iter  829  rollout_drop=0.4433  val_drop=0.4202  entropy=0.3818 (b=0.001+m=0.003+c=0.378)  trans=849920  elapsed=23306s
  iter  839  rollout_drop=0.4334  val_drop=0.4205  entropy=0.3720 (b=0.002+m=0.003+c=0.367)  trans=860160  elapsed=23577s
  iter  849  rollout_drop=0.4440  val_drop=0.4201  entropy=0.3752 (b=0.002+m=0.003+c=0.370)  trans=870400  elapsed=23846s
  [checkpoint] saved iter 849
  iter  859  rollout_drop=0.3989  val_drop=0.4199  entropy=0.3821 (b=0.002+m=0.004+c=0.376)  trans=880640  elapsed=24117s
  iter  869  rollout_drop=0.4209  val_drop=0.4199  entropy=0.3638 (b=0.002+m=0.004+c=0.358)  trans=890880  elapsed=24389s
  iter  879  rollout_drop=0.4130  val_drop=0.4215  entropy=0.3566 (b=0.002+m=0.003+c=0.352)  trans=901120  elapsed=24659s
  iter  889  rollout_drop=0.4332  val_drop=0.4218  entropy=0.3401 (b=0.002+m=0.003+c=0.336)  trans=911360  elapsed=24930s
  iter  899  rollout_drop=0.4280  val_drop=0.4218  entropy=0.3404 (b=0.001+m=0.003+c=0.336)  trans=921600  elapsed=25201s
  [checkpoint] saved iter 899
  iter  909  rollout_drop=0.4162  val_drop=0.4218  entropy=0.3387 (b=0.001+m=0.003+c=0.334)  trans=931840  elapsed=25471s
  iter  919  rollout_drop=0.4325  val_drop=0.4215  entropy=0.3475 (b=0.001+m=0.003+c=0.343)  trans=942080  elapsed=25743s
  iter  929  rollout_drop=0.4118  val_drop=0.4215  entropy=0.3495 (b=0.001+m=0.003+c=0.345)  trans=952320  elapsed=26013s
  iter  939  rollout_drop=0.4053  val_drop=0.4215  entropy=0.3512 (b=0.001+m=0.003+c=0.347)  trans=962560  elapsed=26283s
  iter  949  rollout_drop=0.4680  val_drop=0.4222  entropy=0.3448 (b=0.001+m=0.002+c=0.341)  trans=972800  elapsed=26554s
  [checkpoint] saved iter 949
  iter  959  rollout_drop=0.4242  val_drop=0.4222  entropy=0.3458 (b=0.001+m=0.002+c=0.343)  trans=983040  elapsed=26826s
  iter  969  rollout_drop=0.4225  val_drop=0.4218  entropy=0.3385 (b=0.001+m=0.002+c=0.336)  trans=993280  elapsed=27096s
  iter  979  rollout_drop=0.4077  val_drop=0.4226  entropy=0.3290 (b=0.001+m=0.002+c=0.326)  trans=1003520  elapsed=27367s
  iter  989  rollout_drop=0.4082  val_drop=0.4222  entropy=0.3109 (b=0.001+m=0.002+c=0.307)  trans=1013760  elapsed=27638s
  iter  999  rollout_drop=0.4046  val_drop=0.4230  entropy=0.3037 (b=0.001+m=0.002+c=0.300)  trans=1024000  elapsed=27908s
  [checkpoint] saved iter 999

wrote E:\DATA\vscode\FluxPhased\experiments\array_face_s3\learning_repair\s3_ppo_output_amend02_seed20260729/train_metrics.jsonl
wrote E:\DATA\vscode\FluxPhased\experiments\array_face_s3\learning_repair\s3_ppo_output_amend02_seed20260729/val_metrics.jsonl
this session ran 1000 iters; elapsed 27908.5s
