[gpu] Using device: cuda
[gpu] GPU: NVIDIA RTX PRO 6000 Blackwell Workstation Edition
[gpu] VRAM: 101.9 GB
S1 PPO SEED-MATCH (seed=20260729 to match lite R2 ext)
  train_seeds=64  val_seeds=64
  out_dir=/home/ubuntu/CODE/g3-bsta-fastwork/experiments/array_face_s1/learning_repair/s1_ppo_output_seed20260729
  iter    9  rollout_drop=0.0153  val_drop=0.0122  entropy=0.4343  trans=10240  elapsed=41s
  iter   19  rollout_drop=0.0421  val_drop=0.0358  entropy=0.3211  trans=20480  elapsed=83s
  iter   29  rollout_drop=0.0622  val_drop=0.0526  entropy=0.2348  trans=30720  elapsed=125s
  iter   39  rollout_drop=0.0957  val_drop=0.0830  entropy=0.1696  trans=40960  elapsed=167s
  iter   49  rollout_drop=0.1053  val_drop=0.0858  entropy=0.1542  trans=51200  elapsed=209s
  iter   59  rollout_drop=0.1023  val_drop=0.0906  entropy=0.1133  trans=61440  elapsed=251s
  iter   69  rollout_drop=0.1064  val_drop=0.0874  entropy=0.1345  trans=71680  elapsed=293s
  iter   79  rollout_drop=0.1229  val_drop=0.0942  entropy=0.1017  trans=81920  elapsed=335s
  iter   89  rollout_drop=0.1087  val_drop=0.0969  entropy=0.0929  trans=92160  elapsed=377s
  iter   99  rollout_drop=0.1149  val_drop=0.0947  entropy=0.0935  trans=102400  elapsed=419s
  iter  109  rollout_drop=0.1030  val_drop=0.0867  entropy=0.1021  trans=112640  elapsed=462s
  iter  119  rollout_drop=0.1021  val_drop=0.0918  entropy=0.0994  trans=122880  elapsed=504s
  iter  129  rollout_drop=0.1179  val_drop=0.0989  entropy=0.0881  trans=133120  elapsed=546s
  iter  139  rollout_drop=0.1103  val_drop=0.0970  entropy=0.0979  trans=143360  elapsed=588s
  iter  149  rollout_drop=0.1112  val_drop=0.0921  entropy=0.1038  trans=153600  elapsed=631s
  iter  159  rollout_drop=0.1105  val_drop=0.0910  entropy=0.1455  trans=163840  elapsed=673s
  iter  169  rollout_drop=0.1046  val_drop=0.0918  entropy=0.1124  trans=174080  elapsed=716s
  iter  179  rollout_drop=0.1296  val_drop=0.0955  entropy=0.1402  trans=184320  elapsed=758s
  iter  189  rollout_drop=0.1143  val_drop=0.1040  entropy=0.1237  trans=194560  elapsed=800s
  iter  199  rollout_drop=0.1283  val_drop=0.1056  entropy=0.1474  trans=204800  elapsed=842s
  iter  209  rollout_drop=0.1312  val_drop=0.1042  entropy=0.1353  trans=215040  elapsed=884s
  iter  219  rollout_drop=0.1264  val_drop=0.1086  entropy=0.1589  trans=225280  elapsed=927s
  iter  229  rollout_drop=0.1297  val_drop=0.1219  entropy=0.1704  trans=235520  elapsed=969s
  iter  239  rollout_drop=0.1518  val_drop=0.1273  entropy=0.1758  trans=245760  elapsed=1011s
  iter  249  rollout_drop=0.1580  val_drop=0.1366  entropy=0.1850  trans=256000  elapsed=1053s
  iter  259  rollout_drop=0.1703  val_drop=0.1395  entropy=0.1758  trans=266240  elapsed=1096s
  iter  269  rollout_drop=0.1738  val_drop=0.1462  entropy=0.1587  trans=276480  elapsed=1138s
  iter  279  rollout_drop=0.2069  val_drop=0.1660  entropy=0.1429  trans=286720  elapsed=1181s
  iter  289  rollout_drop=0.1990  val_drop=0.1822  entropy=0.1335  trans=296960  elapsed=1224s
  iter  299  rollout_drop=0.2198  val_drop=0.1910  entropy=0.1086  trans=307200  elapsed=1267s
  iter  309  rollout_drop=0.2251  val_drop=0.1966  entropy=0.0785  trans=317440  elapsed=1310s
  iter  319  rollout_drop=0.2219  val_drop=0.2009  entropy=0.0645  trans=327680  elapsed=1353s
  iter  329  rollout_drop=0.2260  val_drop=0.2017  entropy=0.0540  trans=337920  elapsed=1396s
  iter  339  rollout_drop=0.2358  val_drop=0.2031  entropy=0.0505  trans=348160  elapsed=1438s
  iter  349  rollout_drop=0.2208  val_drop=0.2049  entropy=0.0394  trans=358400  elapsed=1481s
  iter  359  rollout_drop=0.2335  val_drop=0.2072  entropy=0.0358  trans=368640  elapsed=1524s
  iter  369  rollout_drop=0.2270  val_drop=0.2072  entropy=0.0364  trans=378880  elapsed=1567s
  iter  379  rollout_drop=0.2288  val_drop=0.2062  entropy=0.0309  trans=389120  elapsed=1610s
  iter  389  rollout_drop=0.2314  val_drop=0.2082  entropy=0.0285  trans=399360  elapsed=1653s
  iter  399  rollout_drop=0.2346  val_drop=0.2096  entropy=0.0230  trans=409600  elapsed=1696s
  iter  409  rollout_drop=0.2314  val_drop=0.2099  entropy=0.0216  trans=419840  elapsed=1739s
  iter  419  rollout_drop=0.2317  val_drop=0.2104  entropy=0.0194  trans=430080  elapsed=1782s
  iter  429  rollout_drop=0.2346  val_drop=0.2112  entropy=0.0170  trans=440320  elapsed=1826s
  iter  439  rollout_drop=0.2391  val_drop=0.2112  entropy=0.0155  trans=450560  elapsed=1869s
  iter  449  rollout_drop=0.2358  val_drop=0.2112  entropy=0.0181  trans=460800  elapsed=1912s
  iter  459  rollout_drop=0.2227  val_drop=0.2106  entropy=0.0170  trans=471040  elapsed=1955s
  iter  469  rollout_drop=0.2346  val_drop=0.2117  entropy=0.0154  trans=481280  elapsed=1998s
  iter  479  rollout_drop=0.2305  val_drop=0.2117  entropy=0.0147  trans=491520  elapsed=2042s
  iter  489  rollout_drop=0.2245  val_drop=0.2113  entropy=0.0167  trans=501760  elapsed=2085s
  iter  499  rollout_drop=0.2391  val_drop=0.2113  entropy=0.0140  trans=512000  elapsed=2128s
  iter  509  rollout_drop=0.2372  val_drop=0.2117  entropy=0.0126  trans=522240  elapsed=2171s
  iter  519  rollout_drop=0.2346  val_drop=0.2117  entropy=0.0117  trans=532480  elapsed=2214s
  iter  529  rollout_drop=0.2346  val_drop=0.2117  entropy=0.0087  trans=542720  elapsed=2258s
  iter  539  rollout_drop=0.2346  val_drop=0.2121  entropy=0.0072  trans=552960  elapsed=2301s
  iter  549  rollout_drop=0.2346  val_drop=0.2121  entropy=0.0070  trans=563200  elapsed=2344s
  iter  559  rollout_drop=0.2346  val_drop=0.2121  entropy=0.0061  trans=573440  elapsed=2388s
  iter  569  rollout_drop=0.2314  val_drop=0.2117  entropy=0.0092  trans=583680  elapsed=2431s
  iter  579  rollout_drop=0.2346  val_drop=0.2121  entropy=0.0059  trans=593920  elapsed=2474s
  iter  589  rollout_drop=0.2320  val_drop=0.2117  entropy=0.0070  trans=604160  elapsed=2517s
  iter  599  rollout_drop=0.2346  val_drop=0.2117  entropy=0.0067  trans=614400  elapsed=2561s
  iter  609  rollout_drop=0.2346  val_drop=0.2117  entropy=0.0073  trans=624640  elapsed=2604s
  iter  619  rollout_drop=0.2346  val_drop=0.2117  entropy=0.0076  trans=634880  elapsed=2647s
  iter  629  rollout_drop=0.2346  val_drop=0.2121  entropy=0.0051  trans=645120  elapsed=2690s
  iter  639  rollout_drop=0.2346  val_drop=0.2121  entropy=0.0050  trans=655360  elapsed=2733s
  iter  649  rollout_drop=0.2346  val_drop=0.2117  entropy=0.0066  trans=665600  elapsed=2777s
  iter  659  rollout_drop=0.2346  val_drop=0.2117  entropy=0.0054  trans=675840  elapsed=2820s
  iter  669  rollout_drop=0.2203  val_drop=0.2117  entropy=0.0051  trans=686080  elapsed=2863s
  iter  679  rollout_drop=0.2346  val_drop=0.2121  entropy=0.0039  trans=696320  elapsed=2906s
  iter  689  rollout_drop=0.2246  val_drop=0.2121  entropy=0.0039  trans=706560  elapsed=2950s
  iter  699  rollout_drop=0.2346  val_drop=0.2121  entropy=0.0033  trans=716800  elapsed=2993s
  iter  709  rollout_drop=0.2346  val_drop=0.2121  entropy=0.0028  trans=727040  elapsed=3036s
  iter  719  rollout_drop=0.2346  val_drop=0.2121  entropy=0.0028  trans=737280  elapsed=3079s
  iter  729  rollout_drop=0.2346  val_drop=0.2129  entropy=0.0029  trans=747520  elapsed=3122s
  iter  739  rollout_drop=0.2346  val_drop=0.2121  entropy=0.0028  trans=757760  elapsed=3165s
  iter  749  rollout_drop=0.2346  val_drop=0.2121  entropy=0.0027  trans=768000  elapsed=3208s
  iter  759  rollout_drop=0.2346  val_drop=0.2121  entropy=0.0024  trans=778240  elapsed=3252s
  iter  769  rollout_drop=0.2346  val_drop=0.2121  entropy=0.0021  trans=788480  elapsed=3295s
  iter  779  rollout_drop=0.2227  val_drop=0.2121  entropy=0.0022  trans=798720  elapsed=3338s
  iter  789  rollout_drop=0.2346  val_drop=0.2121  entropy=0.0021  trans=808960  elapsed=3381s
  iter  799  rollout_drop=0.2346  val_drop=0.2121  entropy=0.0018  trans=819200  elapsed=3424s
  iter  809  rollout_drop=0.2261  val_drop=0.2129  entropy=0.0018  trans=829440  elapsed=3467s
  iter  819  rollout_drop=0.2346  val_drop=0.2129  entropy=0.0016  trans=839680  elapsed=3510s
  iter  829  rollout_drop=0.2346  val_drop=0.2129  entropy=0.0015  trans=849920  elapsed=3553s
  iter  839  rollout_drop=0.2346  val_drop=0.2129  entropy=0.0016  trans=860160  elapsed=3596s
  iter  849  rollout_drop=0.2346  val_drop=0.2121  entropy=0.0016  trans=870400  elapsed=3639s
  iter  859  rollout_drop=0.2346  val_drop=0.2121  entropy=0.0015  trans=880640  elapsed=3683s
  iter  869  rollout_drop=0.2346  val_drop=0.2121  entropy=0.0015  trans=890880  elapsed=3726s
  iter  879  rollout_drop=0.2346  val_drop=0.2121  entropy=0.0015  trans=901120  elapsed=3769s
  iter  889  rollout_drop=0.2346  val_drop=0.2121  entropy=0.0018  trans=911360  elapsed=3812s
  iter  899  rollout_drop=0.2315  val_drop=0.2121  entropy=0.0024  trans=921600  elapsed=3855s
  iter  909  rollout_drop=0.2320  val_drop=0.2121  entropy=0.0018  trans=931840  elapsed=3898s
  iter  919  rollout_drop=0.2346  val_drop=0.2121  entropy=0.0014  trans=942080  elapsed=3942s
  iter  929  rollout_drop=0.2346  val_drop=0.2121  entropy=0.0014  trans=952320  elapsed=3985s
  iter  939  rollout_drop=0.2346  val_drop=0.2121  entropy=0.0019  trans=962560  elapsed=4029s
  iter  949  rollout_drop=0.2305  val_drop=0.2121  entropy=0.0023  trans=972800  elapsed=4072s
  iter  959  rollout_drop=0.2346  val_drop=0.2121  entropy=0.0025  trans=983040  elapsed=4115s
  iter  969  rollout_drop=0.2346  val_drop=0.2117  entropy=0.0044  trans=993280  elapsed=4158s
  iter  979  rollout_drop=0.2346  val_drop=0.2121  entropy=0.0035  trans=1003520  elapsed=4202s
  iter  989  rollout_drop=0.2173  val_drop=0.2117  entropy=0.0124  trans=1013760  elapsed=4245s
  iter  999  rollout_drop=0.2346  val_drop=0.2113  entropy=0.0120  trans=1024000  elapsed=4288s

wrote /home/ubuntu/CODE/g3-bsta-fastwork/experiments/array_face_s1/learning_repair/s1_ppo_output_seed20260729/train_metrics.jsonl (1000 rows)
wrote /home/ubuntu/CODE/g3-bsta-fastwork/experiments/array_face_s1/learning_repair/s1_ppo_output_seed20260729/val_metrics.jsonl (100 rows)
elapsed: 4288.0s
