[gpu] Using device: cuda
[gpu] GPU: NVIDIA RTX PRO 6000 Blackwell Workstation Edition
[gpu] VRAM: 101.9 GB
RECONFIRM Task A: 4 cells × 3 methods × 5 seeds = 60 eps
  n4_L0          strong_classical   seed=42: kill=4.00/4  surv=0.88
  n4_L0          strong_classical   seed=43: kill=4.00/4  surv=0.75
  n4_L0          strong_classical   seed=44: kill=4.00/4  surv=0.88
  n4_L0          strong_classical   seed=45: kill=4.00/4  surv=1.00
  n4_L0          strong_classical   seed=46: kill=3.88/4  surv=0.75
  n4_L0          mappo              seed=42: kill=4.00/4  surv=1.00
  n4_L0          mappo              seed=43: kill=4.00/4  surv=1.00
  n4_L0          mappo              seed=44: kill=4.00/4  surv=1.00
  n4_L0          mappo              seed=45: kill=4.00/4  surv=1.00
  n4_L0          mappo              seed=46: kill=4.00/4  surv=0.75
  n4_L0          ippo               seed=42: kill=4.00/4  surv=1.00
  n4_L0          ippo               seed=43: kill=4.00/4  surv=0.88
  n4_L0          ippo               seed=44: kill=4.00/4  surv=1.00
  n4_L0          ippo               seed=45: kill=4.00/4  surv=1.00
  n4_L0          ippo               seed=46: kill=4.00/4  surv=0.62
  n4_L1-tau1     strong_classical   seed=42: kill=3.62/4  surv=0.25
  n4_L1-tau1     strong_classical   seed=43: kill=3.62/4  surv=0.25
  n4_L1-tau1     strong_classical   seed=44: kill=3.62/4  surv=0.62
  n4_L1-tau1     strong_classical   seed=45: kill=3.75/4  surv=0.38
  n4_L1-tau1     strong_classical   seed=46: kill=3.50/4  surv=0.50
  n4_L1-tau1     mappo              seed=42: kill=3.62/4  surv=0.38
  n4_L1-tau1     mappo              seed=43: kill=4.00/4  surv=0.88
  n4_L1-tau1     mappo              seed=44: kill=3.75/4  surv=0.62
  n4_L1-tau1     mappo              seed=45: kill=3.38/4  surv=0.75
  n4_L1-tau1     mappo              seed=46: kill=3.62/4  surv=0.50
  n4_L1-tau1     ippo               seed=42: kill=4.00/4  surv=1.00
  n4_L1-tau1     ippo               seed=43: kill=3.75/4  surv=0.38
  n4_L1-tau1     ippo               seed=44: kill=4.00/4  surv=1.00
  n4_L1-tau1     ippo               seed=45: kill=4.00/4  surv=0.88
  n4_L1-tau1     ippo               seed=46: kill=3.50/4  surv=0.62
  n4_L3-trained  strong_classical   seed=42: kill=3.50/4  surv=0.25
  n4_L3-trained  strong_classical   seed=43: kill=3.62/4  surv=0.25
  n4_L3-trained  strong_classical   seed=44: kill=3.62/4  surv=0.62
  n4_L3-trained  strong_classical   seed=45: kill=3.62/4  surv=0.38
  n4_L3-trained  strong_classical   seed=46: kill=3.50/4  surv=0.50
  n4_L3-trained  mappo              seed=42: kill=3.50/4  surv=0.50
  n4_L3-trained  mappo              seed=43: kill=3.50/4  surv=0.62
  n4_L3-trained  mappo              seed=44: kill=3.62/4  surv=0.62
  n4_L3-trained  mappo              seed=45: kill=3.75/4  surv=0.88
  n4_L3-trained  mappo              seed=46: kill=3.50/4  surv=0.62
  n4_L3-trained  ippo               seed=42: kill=4.00/4  surv=0.88
  n4_L3-trained  ippo               seed=43: kill=4.00/4  surv=1.00
  n4_L3-trained  ippo               seed=44: kill=3.88/4  surv=0.62
  n4_L3-trained  ippo               seed=45: kill=3.88/4  surv=0.62
  n4_L3-trained  ippo               seed=46: kill=3.75/4  surv=0.75
  n8_L0          strong_classical   seed=42: kill=8.00/8  surv=0.88
  n8_L0          strong_classical   seed=43: kill=8.00/8  surv=0.75
  n8_L0          strong_classical   seed=44: kill=8.00/8  surv=0.88
  n8_L0          strong_classical   seed=45: kill=8.00/8  surv=0.88
  n8_L0          strong_classical   seed=46: kill=8.00/8  surv=0.62
  n8_L0          mappo              seed=42: kill=5.12/8  surv=0.50
  n8_L0          mappo              seed=43: kill=5.88/8  surv=0.50
  n8_L0          mappo              seed=44: kill=5.75/8  surv=0.62
  n8_L0          mappo              seed=45: kill=5.62/8  surv=0.50
  n8_L0          mappo              seed=46: kill=4.88/8  surv=0.50
  n8_L0          ippo               seed=42: kill=4.62/8  surv=0.50
  n8_L0          ippo               seed=43: kill=4.75/8  surv=0.62
  n8_L0          ippo               seed=44: kill=4.88/8  surv=0.75
  n8_L0          ippo               seed=45: kill=4.25/8  surv=0.75
  n8_L0          ippo               seed=46: kill=4.75/8  surv=0.50

Report: /home/ubuntu/CODE/FluxPhased-/experiments/wp12_results/RECONFIRM_TASKA_REPORT.md
CSV: /home/ubuntu/CODE/FluxPhased-/experiments/wp12_results/reconfirm_taskA.csv
Overall gate: PASS
