[gpu] Using device: cuda
[gpu] GPU: NVIDIA GeForce RTX 4090 D
[gpu] VRAM: 25.2 GB
Config: configs/laser_p14_safe.yaml
Rows×Cols: 25×25
Episodes per PSRO iter: 5
PSRO iterations: 20
Warp 1.14.0 initialized:
   CUDA Toolkit 12.9, Driver 13.0
   Devices:
     "cpu"      : "x86_64"
     "cuda:0"   : "NVIDIA GeForce RTX 4090 D" (24 GiB, sm_89, mempool enabled)
   Kernel cache:
     /home/exuber/.cache/warp/1.14.0
Env: E=2, R=4, N=625, S=20000, P=4, bins=64
VRAM: 3.20 GB
Radar AC params: 1,489,504
Commander AC params: 172,555
VRAM after models: 3.21 GB

============================================================
Starting training: 20 PSRO iters × 5 episodes
Max pulses/episode: 500
============================================================

BC weight: 5.0 → 2.0 over 12 iters
kill_radius curriculum: 50.0m → 0.2m (success-gated)
Module radar_sim.gpu.vec_channel 9afeee1 load on device 'cuda:0' took 6.65 ms  (cached)
Module radar_sim.gpu.vec_array bad089c load on device 'cuda:0' took 0.62 ms  (cached)
  [Update] radar_loss=0.0244 cmd_loss=-0.0095 bc_loss=0.0001
[PSRO 1/20] kills=14 kill_rate=1.400 min_aim_dist=0m kr=50.00m avg_cmd_r=28.4082 log_std=-1.00 bc_w=5.00 rate=10p/s time=117s upd=3
[Eval @ iter 1] eval_kills=4 eval_min_aim_dist=0m eval_kill_rate=1.000 kr_next=35.00m
  [Update] radar_loss=0.3272 cmd_loss=0.0006 bc_loss=0.0008
[PSRO 2/20] kills=13 kill_rate=1.300 min_aim_dist=0m kr=35.00m avg_cmd_r=34.7171 log_std=-1.40 bc_w=4.75 rate=10p/s time=65s upd=2
[Eval @ iter 2] eval_kills=4 eval_min_aim_dist=0m eval_kill_rate=1.000 kr_next=24.50m
  [Update] radar_loss=0.0443 cmd_loss=-0.0061 bc_loss=0.0010
[PSRO 3/20] kills=10 kill_rate=1.000 min_aim_dist=1m kr=24.50m avg_cmd_r=31.5653 log_std=-1.80 bc_w=4.50 rate=10p/s time=71s upd=2
[Eval @ iter 3] eval_kills=4 eval_min_aim_dist=0m eval_kill_rate=1.000 kr_next=17.15m
  [Update] radar_loss=0.0040 cmd_loss=-0.0079 bc_loss=0.0006
[PSRO 4/20] kills=12 kill_rate=1.200 min_aim_dist=0m kr=17.15m avg_cmd_r=36.9484 log_std=-2.20 bc_w=4.25 rate=10p/s time=45s upd=2
[Eval @ iter 4] eval_kills=4 eval_min_aim_dist=0m eval_kill_rate=1.000 kr_next=12.00m
  [Update] radar_loss=0.1379 cmd_loss=0.0599 bc_loss=0.0008
[PSRO 5/20] kills=10 kill_rate=1.000 min_aim_dist=0m kr=12.00m avg_cmd_r=37.3901 log_std=-2.60 bc_w=4.00 rate=10p/s time=66s upd=2
[Eval @ iter 5] eval_kills=4 eval_min_aim_dist=0m eval_kill_rate=1.000 kr_next=8.40m
  [Update] radar_loss=0.0068 cmd_loss=-0.0046 bc_loss=0.0009
[PSRO 6/20] kills=12 kill_rate=1.200 min_aim_dist=0m kr=8.40m avg_cmd_r=37.4170 log_std=-3.00 bc_w=3.75 rate=10p/s time=41s upd=2
[Eval @ iter 6] eval_kills=4 eval_min_aim_dist=0m eval_kill_rate=1.000 kr_next=5.88m
  [Update] radar_loss=0.0006 cmd_loss=0.0202 bc_loss=0.0010
[PSRO 7/20] kills=11 kill_rate=1.100 min_aim_dist=0m kr=5.88m avg_cmd_r=34.9843 log_std=-3.40 bc_w=3.50 rate=10p/s time=83s upd=3
[Eval @ iter 7] eval_kills=4 eval_min_aim_dist=0m eval_kill_rate=1.000 kr_next=4.12m
  [Update] radar_loss=0.0003 cmd_loss=-0.0026 bc_loss=0.0014
[PSRO 8/20] kills=12 kill_rate=1.200 min_aim_dist=0m kr=4.12m avg_cmd_r=35.5111 log_std=-3.80 bc_w=3.25 rate=10p/s time=65s upd=2
[Eval @ iter 8] eval_kills=4 eval_min_aim_dist=0m eval_kill_rate=1.000 kr_next=2.88m
  [Update] radar_loss=-0.0000 cmd_loss=-0.0199 bc_loss=0.0011
[PSRO 9/20] kills=14 kill_rate=1.400 min_aim_dist=0m kr=2.88m avg_cmd_r=36.9275 log_std=-4.20 bc_w=3.00 rate=10p/s time=68s upd=2
[Eval @ iter 9] eval_kills=4 eval_min_aim_dist=0m eval_kill_rate=1.000 kr_next=2.02m
  [Update] radar_loss=-0.0000 cmd_loss=-0.0077 bc_loss=0.0014
[PSRO 10/20] kills=12 kill_rate=1.200 min_aim_dist=0m kr=2.02m avg_cmd_r=37.7355 log_std=-4.60 bc_w=2.75 rate=10p/s time=70s upd=3
[Eval @ iter 10] eval_kills=4 eval_min_aim_dist=0m eval_kill_rate=1.000 kr_next=1.41m
  [Update] radar_loss=-0.0000 cmd_loss=-0.0092 bc_loss=0.0012
[PSRO 11/20] kills=11 kill_rate=1.100 min_aim_dist=0m kr=1.41m avg_cmd_r=43.1229 log_std=-5.00 bc_w=2.50 rate=10p/s time=36s upd=1
[Eval @ iter 11] eval_kills=4 eval_min_aim_dist=0m eval_kill_rate=1.000 kr_next=0.99m
  [Update] radar_loss=-0.0006 cmd_loss=0.0089 bc_loss=0.0013
[PSRO 12/20] kills=13 kill_rate=1.300 min_aim_dist=0m kr=0.99m avg_cmd_r=36.2233 log_std=-5.40 bc_w=2.25 rate=10p/s time=56s upd=2
[Eval @ iter 12] eval_kills=4 eval_min_aim_dist=0m eval_kill_rate=1.000 kr_next=0.69m
  [Update] radar_loss=-0.0002 cmd_loss=0.1262 bc_loss=0.0011
[PSRO 13/20] kills=12 kill_rate=1.200 min_aim_dist=0m kr=0.69m avg_cmd_r=42.0162 log_std=-5.80 bc_w=2.00 rate=10p/s time=49s upd=2
[Eval @ iter 13] eval_kills=4 eval_min_aim_dist=0m eval_kill_rate=1.000 kr_next=0.48m
  [Update] radar_loss=0.0002 cmd_loss=0.0872 bc_loss=0.0013
[PSRO 14/20] kills=12 kill_rate=1.200 min_aim_dist=0m kr=0.48m avg_cmd_r=34.8884 log_std=-6.00 bc_w=2.00 rate=10p/s time=89s upd=2
[Eval @ iter 14] eval_kills=4 eval_min_aim_dist=0m eval_kill_rate=1.000 kr_next=0.34m
  [Update] radar_loss=0.0001 cmd_loss=0.3740 bc_loss=0.0009
[PSRO 15/20] kills=11 kill_rate=1.100 min_aim_dist=0m kr=0.34m avg_cmd_r=34.0385 log_std=-6.00 bc_w=2.00 rate=10p/s time=142s upd=4
[Eval @ iter 15] eval_kills=2 eval_min_aim_dist=0m eval_kill_rate=0.500 kr_next=0.24m
  [Update] radar_loss=-0.0000 cmd_loss=0.1567 bc_loss=0.0011
[PSRO 16/20] kills=10 kill_rate=1.000 min_aim_dist=0m kr=0.24m avg_cmd_r=33.3970 log_std=-6.00 bc_w=2.00 rate=10p/s time=163s upd=4
[Eval @ iter 16] eval_kills=2 eval_min_aim_dist=0m eval_kill_rate=0.500 kr_next=0.20m
  [Update] radar_loss=0.0000 cmd_loss=0.1711 bc_loss=0.0008
[PSRO 17/20] kills=6 kill_rate=0.600 min_aim_dist=0m kr=0.20m avg_cmd_r=35.4787 log_std=-6.00 bc_w=2.00 rate=10p/s time=182s upd=4
[Eval @ iter 17] eval_kills=3 eval_min_aim_dist=0m eval_kill_rate=0.750 kr_next=0.20m
  [Update] radar_loss=-0.0002 cmd_loss=0.2231 bc_loss=0.0002
[PSRO 18/20] kills=8 kill_rate=0.800 min_aim_dist=0m kr=0.20m avg_cmd_r=34.2216 log_std=-6.00 bc_w=2.00 rate=10p/s time=225s upd=4
[Eval @ iter 18] eval_kills=0 eval_min_aim_dist=0m eval_kill_rate=0.000 kr_next=0.24m
  [Update] radar_loss=-0.0000 cmd_loss=0.3203 bc_loss=0.0016
[PSRO 19/20] kills=0 kill_rate=0.000 min_aim_dist=0m kr=0.24m avg_cmd_r=36.9008 log_std=-6.00 bc_w=2.00 rate=10p/s time=251s upd=5
[Eval @ iter 19] eval_kills=1 eval_min_aim_dist=0m eval_kill_rate=0.250 kr_next=0.24m
  [Update] radar_loss=0.0100 cmd_loss=0.3155 bc_loss=0.0010
[PSRO 20/20] kills=6 kill_rate=0.600 min_aim_dist=0m kr=0.24m avg_cmd_r=35.7159 log_std=-6.00 bc_w=2.00 rate=10p/s time=216s upd=4
[Eval @ iter 20] eval_kills=3 eval_min_aim_dist=0m eval_kill_rate=0.750 kr_next=0.20m

Training complete.
