[gpu] Using device: cuda
[gpu] GPU: NVIDIA RTX PRO 6000 Blackwell Workstation Edition
[gpu] VRAM: 102.0 GB
Config: configs/laser_25x25_pro6000_stable.yaml
Rows×Cols: 25×25
Episodes per PSRO iter: 10
PSRO iterations: 20
Warp 1.10.1 initialized:
   CUDA Toolkit 12.8, Driver 13.2
   Devices:
     "cpu"      : "x86_64"
     "cuda:0"   : "NVIDIA RTX PRO 6000 Blackwell Workstation Edition" (95 GiB, sm_120, mempool enabled)
   Kernel cache:
     /home/ubuntu/.cache/warp/1.10.1
Env: E=12, R=4, N=625, S=20000, P=4, bins=64
VRAM: 19.20 GB
Radar AC params: 1,489,504
Commander AC params: 172,555
VRAM after models: 19.21 GB

============================================================
Starting training: 20 PSRO iters × 10 episodes
Max pulses/episode: 500
============================================================

BC weight: 5.0 → 2.0 over 24 iters
kill_radius curriculum: 50.0m → 0.24m (success-gated)
League ON: red=training vs blue=opponent pool (snapshot every 3 iters)
Module radar_sim.gpu.vec_channel 6a2afee load on device 'cuda:0' took 0.42 ms  (cached)
Module radar_sim.gpu.vec_array 0e899e2 load on device 'cuda:0' took 2.12 ms  (cached)
[ANCHOR-DD] n=0 team=0 cmd_in[0,t]=[fire=0.000,aim_x=0.0000,aim_y=0.0000] → _commander_aim[0,t]=(0.0,0.0,0.0)m
[ANCHOR-DD] n=0 team=1 cmd_in[0,t]=[fire=0.000,aim_x=0.0000,aim_y=0.0000] → _commander_aim[0,t]=(0.0,0.0,0.0)m
[ANCHOR-DD] n=1 team=0 cmd_in[0,t]=[fire=0.000,aim_x=0.0000,aim_y=0.0000] → _commander_aim[0,t]=(0.0,0.0,0.0)m
[ANCHOR-DD] n=1 team=1 cmd_in[0,t]=[fire=0.000,aim_x=0.0000,aim_y=0.0000] → _commander_aim[0,t]=(0.0,0.0,0.0)m
[ANCHOR-DD] n=2 team=0 cmd_in[0,t]=[fire=0.000,aim_x=0.0000,aim_y=0.0000] → _commander_aim[0,t]=(0.0,0.0,0.0)m
[ANCHOR-DD] n=2 team=1 cmd_in[0,t]=[fire=0.000,aim_x=0.0000,aim_y=0.0000] → _commander_aim[0,t]=(0.0,0.0,0.0)m
[ANCHOR-DD] n=3 team=0 cmd_in[0,t]=[fire=0.000,aim_x=0.0000,aim_y=0.0000] → _commander_aim[0,t]=(0.0,0.0,0.0)m
[ANCHOR-DD] n=3 team=1 cmd_in[0,t]=[fire=0.000,aim_x=0.0000,aim_y=0.0000] → _commander_aim[0,t]=(0.0,0.0,0.0)m
[ANCHOR-DD] n=4 team=0 cmd_in[0,t]=[fire=0.000,aim_x=0.0000,aim_y=0.0000] → _commander_aim[0,t]=(0.0,0.0,0.0)m
[ANCHOR-DD] n=4 team=1 cmd_in[0,t]=[fire=0.000,aim_x=0.0000,aim_y=0.0000] → _commander_aim[0,t]=(0.0,0.0,0.0)m
[ANCHOR-DD] n=5 team=0 cmd_in[0,t]=[fire=-1.000,aim_x=-0.2664,aim_y=0.5445] → _commander_aim[0,t]=(-2663.9,5445.5,2.2)m
[ANCHOR-DD] n=5 team=1 cmd_in[0,t]=[fire=1.000,aim_x=0.2228,aim_y=-0.7181] → _commander_aim[0,t]=(2228.0,-7181.3,-3.6)m
[ANCHOR-DD] n=6 team=0 cmd_in[0,t]=[fire=-1.000,aim_x=-0.2664,aim_y=0.5445] → _commander_aim[0,t]=(-2663.9,5445.5,2.2)m
[ANCHOR-DD] n=6 team=1 cmd_in[0,t]=[fire=1.000,aim_x=0.2228,aim_y=-0.7181] → _commander_aim[0,t]=(2228.0,-7181.3,-3.6)m
[ANCHOR-DD] n=7 team=0 cmd_in[0,t]=[fire=-1.000,aim_x=-0.2664,aim_y=0.5445] → _commander_aim[0,t]=(-2663.9,5445.5,2.2)m
[ANCHOR-DD] n=7 team=1 cmd_in[0,t]=[fire=1.000,aim_x=0.2228,aim_y=-0.7181] → _commander_aim[0,t]=(2228.0,-7181.3,-3.6)m
[ANCHOR-DD] n=8 team=0 cmd_in[0,t]=[fire=-1.000,aim_x=-0.2664,aim_y=0.5445] → _commander_aim[0,t]=(-2663.9,5445.5,2.2)m
[ANCHOR-DD] n=8 team=1 cmd_in[0,t]=[fire=1.000,aim_x=0.2228,aim_y=-0.7181] → _commander_aim[0,t]=(2228.0,-7181.3,-3.6)m
[ANCHOR-DD] n=9 team=0 cmd_in[0,t]=[fire=-1.000,aim_x=-0.2664,aim_y=0.5445] → _commander_aim[0,t]=(-2663.9,5445.5,2.2)m
[ANCHOR-DD] n=9 team=1 cmd_in[0,t]=[fire=1.000,aim_x=0.2228,aim_y=-0.7181] → _commander_aim[0,t]=(2228.0,-7181.3,-3.6)m
[ANCHOR-DD] n=10 team=0 cmd_in[0,t]=[fire=-1.000,aim_x=-0.2666,aim_y=0.5446] → _commander_aim[0,t]=(-2666.1,5445.9,-0.5)m
[ANCHOR-DD] n=10 team=1 cmd_in[0,t]=[fire=1.000,aim_x=0.2227,aim_y=-0.7180] → _commander_aim[0,t]=(2226.5,-7180.4,1.3)m
[ANCHOR-DD] n=11 team=0 cmd_in[0,t]=[fire=-1.000,aim_x=-0.2666,aim_y=0.5446] → _commander_aim[0,t]=(-2666.1,5445.9,-0.5)m
[ANCHOR-DD] n=11 team=1 cmd_in[0,t]=[fire=1.000,aim_x=0.2227,aim_y=-0.7180] → _commander_aim[0,t]=(2226.5,-7180.4,1.3)m
  [Update] radar_loss=0.0493 cmd_loss=-0.0064 bc_loss=0.0002 adv_std=9.5302 aim_res=0.4087
[PSRO 1/20] kills=182 kill_rate=9.100 min_aim_dist=0m kr=50.00m avg_cmd_r=116.2878 log_std=-1.00 bc_w=5.00 rate=5p/s time=800s upd=7 cmd_pl=-0.00024 adv_std=11.948 aim_res=0.423
[Eval @ iter 1] eval_kills=12 eval_min_aim_dist=0m eval_kill_rate=0.500 kr_next=35.00m pool=1 opp=0 | this:R12/B0/D0 | cum red=1.00 blue=0.00 draw=0.00 (n=12) | jam=0.00
  [Update] radar_loss=0.0229 cmd_loss=0.0002 bc_loss=0.0003 adv_std=18.7570 aim_res=0.4302
[PSRO 2/20] kills=175 kill_rate=8.750 min_aim_dist=0m kr=35.00m avg_cmd_r=118.6090 log_std=-1.40 bc_w=4.88 rate=5p/s time=552s upd=6 cmd_pl=-0.00046 adv_std=10.882 aim_res=0.410
[Eval @ iter 2] eval_kills=12 eval_min_aim_dist=0m eval_kill_rate=0.500 kr_next=24.50m pool=1 opp=0 | this:R12/B0/D0 | cum red=1.00 blue=0.00 draw=0.00 (n=24) | jam=0.00
  [Update] radar_loss=0.0224 cmd_loss=-0.0004 bc_loss=0.0003 adv_std=10.3946 aim_res=0.3031
[PSRO 3/20] kills=166 kill_rate=8.300 min_aim_dist=0m kr=24.50m avg_cmd_r=136.9822 log_std=-1.80 bc_w=4.75 rate=5p/s time=370s upd=4 cmd_pl=-0.00200 adv_std=12.237 aim_res=0.296
[Eval @ iter 3] eval_kills=12 eval_min_aim_dist=0m eval_kill_rate=0.500 kr_next=17.15m pool=1 opp=0 | this:R12/B0/D0 | cum red=1.00 blue=0.00 draw=0.00 (n=36) | jam=0.00
  [Update] radar_loss=0.0043 cmd_loss=-0.0028 bc_loss=0.0003 adv_std=14.9168 aim_res=0.2023
[PSRO 4/20] kills=188 kill_rate=9.400 min_aim_dist=0m kr=17.15m avg_cmd_r=169.3592 log_std=-2.20 bc_w=4.62 rate=5p/s time=221s upd=3 cmd_pl=-0.00687 adv_std=12.294 aim_res=0.212
[Eval @ iter 4] eval_kills=24 eval_min_aim_dist=0m eval_kill_rate=1.000 kr_next=12.00m pool=2 opp=1 | this:R12/B0/D0 | cum red=1.00 blue=0.00 draw=0.00 (n=48) | jam=0.00
  [Update] radar_loss=-0.0008 cmd_loss=-0.0027 bc_loss=0.0004 adv_std=14.7748 aim_res=0.1384
[PSRO 5/20] kills=153 kill_rate=7.650 min_aim_dist=0m kr=12.00m avg_cmd_r=164.6413 log_std=-2.60 bc_w=4.50 rate=5p/s time=250s upd=3 cmd_pl=-0.00352 adv_std=12.634 aim_res=0.138
[Eval @ iter 5] eval_kills=12 eval_min_aim_dist=0m eval_kill_rate=0.500 kr_next=8.40m pool=2 opp=0 | this:R12/B0/D0 | cum red=1.00 blue=0.00 draw=0.00 (n=60) | jam=0.00
  [Update] radar_loss=0.0109 cmd_loss=-0.0056 bc_loss=0.0002 adv_std=10.1732 aim_res=0.0942
[PSRO 6/20] kills=154 kill_rate=7.700 min_aim_dist=0m kr=8.40m avg_cmd_r=155.0430 log_std=-3.00 bc_w=4.38 rate=5p/s time=279s upd=4 cmd_pl=-0.00658 adv_std=12.675 aim_res=0.096
[Eval @ iter 6] eval_kills=12 eval_min_aim_dist=0m eval_kill_rate=0.500 kr_next=5.88m pool=2 opp=0 | this:R12/B0/D0 | cum red=1.00 blue=0.00 draw=0.00 (n=72) | jam=0.00
  [Update] radar_loss=0.0198 cmd_loss=0.0568 bc_loss=0.0003 adv_std=12.4632 aim_res=0.0718
[PSRO 7/20] kills=185 kill_rate=9.250 min_aim_dist=0m kr=5.88m avg_cmd_r=180.1063 log_std=-3.40 bc_w=4.25 rate=5p/s time=217s upd=3 cmd_pl=-0.00774 adv_std=12.682 aim_res=0.066
[Eval @ iter 7] eval_kills=24 eval_min_aim_dist=0m eval_kill_rate=1.000 kr_next=4.12m pool=3 opp=2 | this:R12/B0/D0 | cum red=1.00 blue=0.00 draw=0.00 (n=84) | jam=0.00
  [Update] radar_loss=0.0203 cmd_loss=-0.0044 bc_loss=0.0004 adv_std=12.4186 aim_res=0.0498
[PSRO 8/20] kills=181 kill_rate=9.050 min_aim_dist=0m kr=4.12m avg_cmd_r=189.7594 log_std=-3.80 bc_w=4.12 rate=5p/s time=226s upd=3 cmd_pl=-0.00233 adv_std=12.095 aim_res=0.050
[Eval @ iter 8] eval_kills=24 eval_min_aim_dist=0m eval_kill_rate=1.000 kr_next=2.88m pool=3 opp=2 | this:R12/B0/D0 | cum red=1.00 blue=0.00 draw=0.00 (n=96) | jam=0.00
  [Update] radar_loss=0.0104 cmd_loss=0.0021 bc_loss=0.0004 adv_std=10.5138 aim_res=0.0392
[PSRO 9/20] kills=200 kill_rate=10.000 min_aim_dist=0m kr=2.88m avg_cmd_r=150.8806 log_std=-4.00 bc_w=4.00 rate=5p/s time=323s upd=4 cmd_pl=0.00744 adv_std=8.173 aim_res=0.040
[Eval @ iter 9] eval_kills=24 eval_min_aim_dist=0m eval_kill_rate=1.000 kr_next=2.02m pool=3 opp=1 | this:R12/B0/D0 | cum red=1.00 blue=0.00 draw=0.00 (n=108) | jam=0.00
  [Update] radar_loss=0.0139 cmd_loss=0.0105 bc_loss=0.0005 adv_std=6.7165 aim_res=0.0379
[PSRO 10/20] kills=121 kill_rate=6.050 min_aim_dist=0m kr=2.02m avg_cmd_r=140.9690 log_std=-4.00 bc_w=3.88 rate=5p/s time=484s upd=5 cmd_pl=0.00671 adv_std=8.435 aim_res=0.047
[Eval @ iter 10] eval_kills=12 eval_min_aim_dist=0m eval_kill_rate=0.500 kr_next=1.41m pool=4 opp=0 | this:R12/B0/D0 | cum red=1.00 blue=0.00 draw=0.00 (n=120) | jam=0.00
  [Update] radar_loss=0.0055 cmd_loss=0.0035 bc_loss=0.0006 adv_std=8.2257 aim_res=0.0430
[PSRO 11/20] kills=120 kill_rate=6.000 min_aim_dist=0m kr=1.41m avg_cmd_r=133.9655 log_std=-4.00 bc_w=3.75 rate=5p/s time=579s upd=5 cmd_pl=-0.00967 adv_std=9.002 aim_res=0.046
[Eval @ iter 11] eval_kills=12 eval_min_aim_dist=0m eval_kill_rate=0.500 kr_next=0.99m pool=4 opp=0 | this:R12/B0/D0 | cum red=1.00 blue=0.00 draw=0.00 (n=132) | jam=0.00
  [Update] radar_loss=0.0073 cmd_loss=-0.0010 bc_loss=0.0008 adv_std=11.1684 aim_res=0.0489
[PSRO 12/20] kills=181 kill_rate=9.050 min_aim_dist=0m kr=0.99m avg_cmd_r=163.2690 log_std=-4.00 bc_w=3.62 rate=5p/s time=334s upd=4 cmd_pl=-0.00804 adv_std=8.382 aim_res=0.046
[Eval @ iter 12] eval_kills=24 eval_min_aim_dist=0m eval_kill_rate=1.000 kr_next=0.69m pool=4 opp=3 | this:R12/B0/D0 | cum red=1.00 blue=0.00 draw=0.00 (n=144) | jam=0.00
  [Update] radar_loss=0.0042 cmd_loss=-0.0065 bc_loss=0.0009 adv_std=17.4976 aim_res=0.0512
[PSRO 13/20] kills=119 kill_rate=5.950 min_aim_dist=0m kr=0.69m avg_cmd_r=144.3606 log_std=-4.00 bc_w=3.50 rate=5p/s time=673s upd=6 cmd_pl=0.01583 adv_std=6.273 aim_res=0.047
[Eval @ iter 13] eval_kills=23 eval_min_aim_dist=0m eval_kill_rate=0.958 kr_next=0.48m pool=5 opp=1 | this:R11/B1/D0 | cum red=0.99 blue=0.01 draw=0.00 (n=156) | jam=0.00
  [Update] radar_loss=0.0527 cmd_loss=-0.0057 bc_loss=0.0017 adv_std=9.7747 aim_res=0.0608
[PSRO 14/20] kills=177 kill_rate=8.850 min_aim_dist=0m kr=0.48m avg_cmd_r=148.4650 log_std=-4.00 bc_w=3.38 rate=5p/s time=608s upd=6 cmd_pl=-0.00109 adv_std=7.799 aim_res=0.054
[Eval @ iter 14] eval_kills=20 eval_min_aim_dist=0m eval_kill_rate=0.833 kr_next=0.34m pool=5 opp=3 | this:R8/B4/D0 | cum red=0.97 blue=0.03 draw=0.00 (n=168) | jam=0.00
  [Update] radar_loss=0.0366 cmd_loss=0.0029 bc_loss=0.0013 adv_std=5.9862 aim_res=0.0557
[PSRO 15/20] kills=19 kill_rate=0.950 min_aim_dist=0m kr=0.34m avg_cmd_r=204.4681 log_std=-4.00 bc_w=3.25 rate=5p/s time=1054s upd=10 cmd_pl=-0.00116 adv_std=15.477 aim_res=0.068
[Eval @ iter 15] eval_kills=7 eval_min_aim_dist=0m eval_kill_rate=0.292 kr_next=0.34m pool=5 opp=4 | this:R4/B2/D6 | cum red=0.93 blue=0.04 draw=0.03 (n=180) | jam=0.00
  [Update] radar_loss=0.0192 cmd_loss=-0.0062 bc_loss=0.0017 adv_std=40.5123 aim_res=0.0648
[PSRO 16/20] kills=19 kill_rate=0.950 min_aim_dist=0m kr=0.34m avg_cmd_r=208.2823 log_std=-4.00 bc_w=3.12 rate=5p/s time=1054s upd=10 cmd_pl=-0.00105 adv_std=29.535 aim_res=0.064
[Eval @ iter 16] eval_kills=6 eval_min_aim_dist=0m eval_kill_rate=0.250 kr_next=0.34m pool=6 opp=4 | this:R6/B0/D6 | cum red=0.90 blue=0.04 draw=0.06 (n=192) | jam=0.00
  [Update] radar_loss=-0.0002 cmd_loss=-0.0004 bc_loss=0.0013 adv_std=13.1793 aim_res=0.0575
[PSRO 17/20] kills=33 kill_rate=1.650 min_aim_dist=0m kr=0.34m avg_cmd_r=204.5783 log_std=-4.00 bc_w=3.00 rate=5p/s time=1055s upd=10 cmd_pl=-0.00008 adv_std=48.040 aim_res=0.064
[Eval @ iter 17] eval_kills=14 eval_min_aim_dist=0m eval_kill_rate=0.583 kr_next=0.24m pool=6 opp=2 | this:R2/B10/D0 | cum red=0.86 blue=0.08 draw=0.06 (n=204) | jam=0.00
  [Update] radar_loss=0.0069 cmd_loss=-0.0063 bc_loss=0.0016 adv_std=34.7954 aim_res=0.0608
[PSRO 18/20] kills=30 kill_rate=1.500 min_aim_dist=0m kr=0.24m avg_cmd_r=208.8915 log_std=-4.00 bc_w=2.88 rate=5p/s time=1054s upd=10 cmd_pl=-0.00243 adv_std=47.778 aim_res=0.066
[Eval @ iter 18] eval_kills=13 eval_min_aim_dist=0m eval_kill_rate=0.542 kr_next=0.24m pool=6 opp=3 | this:R0/B11/D1 | cum red=0.81 blue=0.13 draw=0.06 (n=216) | jam=0.00
  [Update] radar_loss=0.0203 cmd_loss=-0.0004 bc_loss=0.0016 adv_std=25.3295 aim_res=0.0632
[PSRO 19/20] kills=0 kill_rate=0.000 min_aim_dist=0m kr=0.24m avg_cmd_r=188.6470 log_std=-4.00 bc_w=2.75 rate=5p/s time=1053s upd=10 cmd_pl=-0.00006 adv_std=52.455 aim_res=0.068
[Eval @ iter 19] eval_kills=1 eval_min_aim_dist=0m eval_kill_rate=0.042 kr_next=0.24m pool=7 opp=0 | this:R1/B0/D11 | cum red=0.77 blue=0.12 draw=0.11 (n=228) | jam=0.00
  [Update] radar_loss=0.0001 cmd_loss=-0.0004 bc_loss=0.0015 adv_std=59.2952 aim_res=0.0600
[PSRO 20/20] kills=1 kill_rate=0.050 min_aim_dist=0m kr=0.24m avg_cmd_r=211.0607 log_std=-4.00 bc_w=2.62 rate=5p/s time=1052s upd=10 cmd_pl=0.00002 adv_std=122.898 aim_res=0.056
[Eval @ iter 20] eval_kills=1 eval_min_aim_dist=0m eval_kill_rate=0.042 kr_next=0.24m pool=7 opp=4 | this:R1/B0/D11 | cum red=0.74 blue=0.12 draw=0.15 (n=240) | jam=0.00

Training complete.
