wandb: [wandb.login()] Using explicit session credentials for https://api.wandb.ai.
wandb: Appending key for api.wandb.ai to your netrc file: /home/ubuntu/.netrc
wandb: Currently logged in as: minghaozhang79 to https://api.wandb.ai. Use `wandb login --relogin` to force relogin
wandb: Tracking run with wandb version 0.27.0
wandb: Run data is saved locally in /home/ubuntu/code/wandb/run-20260601_141519-0q4fki8u
wandb: Run `wandb offline` to turn off syncing.
wandb: Syncing run league_625elem_4env_20260601_141517
wandb: ⭐️ View project at https://wandb.ai/minghaozhang79/fluxphased
wandb: 🚀 View run at https://wandb.ai/minghaozhang79/fluxphased/runs/0q4fki8u
[gpu] Using device: cuda
[gpu] GPU: NVIDIA RTX PRO 6000 Blackwell Workstation Edition
[gpu] VRAM: 102.0 GB
FluxPhased League Training
Config: configs/league_quick_test.yaml
Device: cuda
Environment: E=4, R=4, N=625, P=4, bins=64
State dim: 163783, Action dim: 13753
[wandb] Initialized run: league_625elem_4env_20260601_141517
Warp 1.10.1 initialized:
   CUDA Toolkit 12.8, Driver 13.2
   Devices:
     "cpu"      : "x86_64"
     "cuda:0"   : "NVIDIA RTX PRO 6000 Blackwell Workstation Edition" (95 GiB, sm_120, mempool enabled)
   Kernel cache:
     /home/ubuntu/.cache/warp/1.10.1
============================================================
Critic Pre-training: 5 demo episodes
============================================================

  Collecting demo data for team 0...
  [retry 0/3] Collecting 5 episodes...
Module radar_sim.gpu.vec_array 0e899e2 load on device 'cuda:0' took 5.20 ms  (cached)
Module radar_sim.gpu.vec_channel 6a2afee load on device 'cuda:0' took 0.49 ms  (cached)
  [collector] 4/5 episodes...
  [collector] 8/5 episodes...
  [collector] Collected 16000 transitions from 5 episodes
  [collector] Scene coverage: {'recon': 1, 'detect': 1, 'jam': 1, 'comm': 2}
  [collector] Launch rate: 1/5 (20%)
  [collector] Task CV: 0.760 (need >0.10 for diversity)
  [collector] ⚠ FAIL: only 1 episodes for rarest scene (need ≥5)
  [collector] ⚠ FAIL: launch rate 20% < 30%
  ↻ Coverage failed, retrying... (retry 1/3)
  [retry 1/3] Collecting 10 episodes...
  [collector] 4/10 episodes...
  [collector] 8/10 episodes...
  [collector] 12/10 episodes...
  [collector] Collected 24000 transitions from 10 episodes
  [collector] Scene coverage: {'recon': 1, 'detect': 0, 'jam': 0, 'comm': 3}
  [collector] Launch rate: 0/10 (0%)
  [collector] Task CV: 0.429 (need >0.10 for diversity)
  [collector] ⚠ FAIL: only 0 episodes for rarest scene (need ≥5)
  [collector] ⚠ FAIL: launch rate 0% < 30%
  ↻ Coverage failed, retrying... (retry 2/3)
  [retry 2/3] Collecting 10 episodes...
  [collector] 4/10 episodes...
  [collector] 8/10 episodes...
  [collector] 12/10 episodes...
  [collector] Collected 24000 transitions from 10 episodes
  [collector] Scene coverage: {'recon': 0, 'detect': 0, 'jam': 0, 'comm': 3}
  [collector] Launch rate: 0/10 (0%)
  [collector] Task CV: 0.547 (need >0.10 for diversity)
  [collector] ⚠ FAIL: only 0 episodes for rarest scene (need ≥5)
  [collector] ⚠ FAIL: launch rate 0% < 30%
  ⚠ Coverage still insufficient after 25 episodes — proceeding anyway

[CriticPretrain] Pre-training critics on 64000 transitions (10 epochs)...
  [p0000] epoch 0/10: value_loss=56471.2870 priv_loss=32.1391
  [p0000] epoch 9/10: value_loss=0.0006 priv_loss=0.5968
  [p0001] epoch 0/10: value_loss=15493.8582 priv_loss=8.2734
  [p0001] epoch 9/10: value_loss=0.0175 priv_loss=0.4891
  [p0002] epoch 0/10: value_loss=12540.3537 priv_loss=20.4017
  [p0002] epoch 9/10: value_loss=0.0019 priv_loss=0.7288
[CriticPretrain] Done.

[CriticPretrain] Pre-training commander critics on 64000 transitions (10 epochs)...
  [p0000] epoch 0/9: cmd_value_loss=8.2318
  [p0000] epoch 9/9: cmd_value_loss=2.8026
  [p0001] epoch 0/9: cmd_value_loss=8.6817
  [p0001] epoch 9/9: cmd_value_loss=2.8026
  [p0002] epoch 0/9: cmd_value_loss=8.1443
  [p0002] epoch 9/9: cmd_value_loss=2.8009
[CriticPretrain] Commander critics done.
  BC pretraining (reusing collected data, 5 epochs)...

[BCPretrain] Behavior cloning on 64000 transitions (5 epochs)...
  [p0000] epoch 0/5: task=1.2088 param=0.0670 veh=0.5488
  [p0000] epoch 4/5: task=0.7499 param=0.0318 veh=0.4792
  [p0001] epoch 0/5: task=1.2057 param=0.0669 veh=1.1432
  [p0001] epoch 4/5: task=0.7450 param=0.0315 veh=1.0833
  [p0002] epoch 0/5: task=1.2090 param=0.0664 veh=0.5214
  [p0002] epoch 4/5: task=0.7469 param=0.0319 veh=0.4974
[BCPretrain] Done.

[BCPretrain] Commander BC on 64000/64000 transitions (5 epochs)...
  [p0000] epoch 0/4: cmd_bc_loss=0.0114
  [p0000] epoch 4/4: cmd_bc_loss=0.0001
  [p0001] epoch 0/4: cmd_bc_loss=0.0102
  [p0001] epoch 4/4: cmd_bc_loss=0.0001
  [p0002] epoch 0/4: cmd_bc_loss=0.0091
  [p0002] epoch 4/4: cmd_bc_loss=0.0001
[BCPretrain] Commander BC done.
  BC models snapshotted for KL penalty

  Collecting demo data for team 1...
  [retry 0/3] Collecting 5 episodes...
  [collector] 4/5 episodes...
  [collector] 8/5 episodes...
  [collector] Collected 16000 transitions from 5 episodes
  [collector] Scene coverage: {'recon': 2, 'detect': 0, 'jam': 0, 'comm': 2}
  [collector] Launch rate: 0/5 (0%)
  [collector] Task CV: 0.223 (need >0.10 for diversity)
  [collector] ⚠ FAIL: only 0 episodes for rarest scene (need ≥5)
  [collector] ⚠ FAIL: launch rate 0% < 30%
  ↻ Coverage failed, retrying... (retry 1/3)
  [retry 1/3] Collecting 10 episodes...
  [collector] 4/10 episodes...
  [collector] 8/10 episodes...
  [collector] 12/10 episodes...
  [collector] Collected 24000 transitions from 10 episodes
  [collector] Scene coverage: {'recon': 0, 'detect': 0, 'jam': 0, 'comm': 3}
  [collector] Launch rate: 0/10 (0%)
  [collector] Task CV: 0.284 (need >0.10 for diversity)
  [collector] ⚠ FAIL: only 0 episodes for rarest scene (need ≥5)
  [collector] ⚠ FAIL: launch rate 0% < 30%
  ↻ Coverage failed, retrying... (retry 2/3)
  [retry 2/3] Collecting 10 episodes...
  [collector] 4/10 episodes...
  [collector] 8/10 episodes...
  [collector] 12/10 episodes...
  [collector] Collected 24000 transitions from 10 episodes
  [collector] Scene coverage: {'recon': 1, 'detect': 0, 'jam': 0, 'comm': 3}
  [collector] Launch rate: 0/10 (0%)
  [collector] Task CV: 0.332 (need >0.10 for diversity)
  [collector] ⚠ FAIL: only 0 episodes for rarest scene (need ≥5)
  [collector] ⚠ FAIL: launch rate 0% < 30%
  ⚠ Coverage still insufficient after 25 episodes — proceeding anyway

[CriticPretrain] Pre-training critics on 64000 transitions (10 epochs)...
  [p0003] epoch 0/10: value_loss=796.5287 priv_loss=32.1986
  [p0003] epoch 9/10: value_loss=0.0001 priv_loss=0.4675
  [p0004] epoch 0/10: value_loss=1839.5000 priv_loss=8.8783
  [p0004] epoch 9/10: value_loss=0.0001 priv_loss=0.6375
  [p0005] epoch 0/10: value_loss=34981.9695 priv_loss=4.6364
  [p0005] epoch 9/10: value_loss=0.0127 priv_loss=0.5214
[CriticPretrain] Done.

[CriticPretrain] Pre-training commander critics on 64000 transitions (10 epochs)...
  [p0003] epoch 0/9: cmd_value_loss=7.7050
  [p0003] epoch 9/9: cmd_value_loss=0.1506
  [p0004] epoch 0/9: cmd_value_loss=7.8887
  [p0004] epoch 9/9: cmd_value_loss=0.1504
  [p0005] epoch 0/9: cmd_value_loss=7.8411
  [p0005] epoch 9/9: cmd_value_loss=0.1509
[CriticPretrain] Commander critics done.
  BC pretraining (reusing collected data, 5 epochs)...

[BCPretrain] Behavior cloning on 64000 transitions (5 epochs)...
  [p0003] epoch 0/5: task=1.1614 param=0.1062 veh=0.7034
  [p0003] epoch 4/5: task=0.7112 param=0.0955 veh=0.3967
  [p0004] epoch 0/5: task=1.1620 param=0.1061 veh=1.4642
  [p0004] epoch 4/5: task=0.7014 param=0.0955 veh=1.4061
  [p0005] epoch 0/5: task=1.1505 param=0.1084 veh=1.2362
  [p0005] epoch 4/5: task=0.6917 param=0.0955 veh=1.2228
[BCPretrain] Done.

[BCPretrain] Commander BC on 64000/64000 transitions (5 epochs)...
  [p0003] epoch 0/4: cmd_bc_loss=0.0087
  [p0003] epoch 4/4: cmd_bc_loss=0.0000
  [p0004] epoch 0/4: cmd_bc_loss=0.0113
  [p0004] epoch 4/4: cmd_bc_loss=0.0000
  [p0005] epoch 0/4: cmd_bc_loss=0.0085
  [p0005] epoch 4/4: cmd_bc_loss=0.0000
[BCPretrain] Commander BC done.
  BC models snapshotted for KL penalty
  Critic pre-training complete.

============================================================
PSRO Iteration 0/3
============================================================
[League] Iteration 0: Evaluating payoff matrix...
  [payoff] p0000 vs p0003 (1/9)...     step 100: alive=4 red_wins=0/0 wr_sofar=0.00
    step 200: alive=4 red_wins=0/0 wr_sofar=0.00
    step 300: alive=4 red_wins=0/0 wr_sofar=0.00
    step 400: alive=4 red_wins=0/0 wr_sofar=0.00
