[gpu] Using device: cuda
[gpu] GPU: NVIDIA RTX PRO 6000 Blackwell Workstation Edition
[gpu] VRAM: 102.0 GB
FluxPhased League Training
Config: configs/league_25x25_12env.yaml
Device: cuda
Environment: E=8, R=4, N=625, P=4, bins=64
State dim: 163783, Action dim: 13753
Warp 1.10.1 initialized:
   CUDA Toolkit 12.8, Driver 13.2
   Devices:
     "cpu"      : "x86_64"
     "cuda:0"   : "NVIDIA RTX PRO 6000 Blackwell Workstation Edition" (95 GiB, sm_120, mempool enabled)
   Kernel cache:
     /home/ubuntu/.cache/warp/1.10.1

============================================================
PSRO Iteration 0/30
============================================================
[League] Iteration 0: Evaluating payoff matrix...
  [payoff] p0000 vs p0003 (1/9)... Module radar_sim.gpu.vec_array 0e899e2 load on device 'cuda:0' took 11.01 ms  (cached)
Module radar_sim.gpu.vec_channel 6a2afee load on device 'cuda:0' took 1.42 ms  (cached)
win_rate=0.50 (181.4s)
  [payoff] p0000 vs p0004 (2/9)... win_rate=0.50 (185.0s)
  [payoff] p0000 vs p0005 (3/9)... win_rate=0.50 (184.4s)
  [payoff] p0001 vs p0003 (4/9)... win_rate=0.50 (102.4s)
  [payoff] p0001 vs p0004 (5/9)... win_rate=0.50 (101.8s)
  [payoff] p0001 vs p0005 (6/9)... win_rate=0.50 (105.9s)
  [payoff] p0002 vs p0003 (7/9)... win_rate=0.50 (102.0s)
  [payoff] p0002 vs p0004 (8/9)... win_rate=0.50 (106.1s)
  [payoff] p0002 vs p0005 (9/9)... win_rate=0.50 (102.3s)
  Team 0 sigma=[1. 0. 0.] NashConv=0.0000 H_task=-0.000 effK=1.00
  Team 1 sigma=[1. 0. 0.] NashConv=0.0000 H_task=-0.000 effK=1.00
  Training main (team 0, p0000) against p0004...
Traceback (most recent call last):
  File "/home/ubuntu/miniconda3/envs/fluxphased/lib/python3.10/runpy.py", line 196, in _run_module_as_main
    return _run_code(code, main_globals, None,
  File "/home/ubuntu/miniconda3/envs/fluxphased/lib/python3.10/runpy.py", line 86, in _run_code
    exec(code, run_globals)
  File "/home/ubuntu/code/training/train.py", line 222, in <module>
    main()
  File "/home/ubuntu/code/training/train.py", line 218, in main
    trainer.run_all()
  File "/home/ubuntu/code/training/curriculum/phased_trainer.py", line 70, in run_all
    metrics = self.league.psro_iteration(env)
  File "/home/ubuntu/code/training/flux_league.py", line 288, in psro_iteration
    train_metrics = self._train_against(env, trainer, opp_id, policy_id)
  File "/home/ubuntu/code/training/flux_league.py", line 378, in _train_against
    reward_info = trainer.store_transition(env, result, own["transition"], team)
  File "/home/ubuntu/code/training/ppo/ppo_trainer.py", line 359, in store_transition
    self.radar_buffer.add(
  File "/home/ubuntu/code/training/ppo/buffer.py", line 64, in add
    assert self.ptr < self.buffer_size, (
AssertionError: RolloutBuffer overflow at ptr=128 (buffer_size=128); caller must update() before adding past capacity.
ERROR conda.cli.main_run:execute(148): `conda run python -m training.train --config configs/league_25x25_12env.yaml --seed 42` failed. (See above for error)
