[gpu] Using device: cuda
[gpu] GPU: NVIDIA RTX PRO 6000 Blackwell Workstation Edition
[gpu] VRAM: 102.0 GB
FluxPhased League Training
Config: configs/league_25x25_12env.yaml
Device: cuda
Environment: E=8, R=4, N=625, P=4, bins=64
State dim: 163783, Action dim: 13753
wandb: [wandb.login()] Using explicit session credentials for https://api.wandb.ai.
wandb: Appending key for api.wandb.ai to your netrc file: /home/ubuntu/.netrc
wandb: Currently logged in as: minghaozhang79 to https://api.wandb.ai. Use `wandb login --relogin` to force relogin
wandb: setting up run b8ddg94q
wandb: Tracking run with wandb version 0.27.0
wandb: Run data is saved locally in /home/ubuntu/code/wandb/run-20260529_005119-b8ddg94q
wandb: Run `wandb offline` to turn off syncing.
wandb: Syncing run league_625elem_8env_20260529_005116
wandb: ⭐️ View project at https://wandb.ai/minghaozhang79/fluxphased
wandb: 🚀 View run at https://wandb.ai/minghaozhang79/fluxphased/runs/b8ddg94q
[wandb] Initialized run: league_625elem_8env_20260529_005116
Warp 1.10.1 initialized:
   CUDA Toolkit 12.8, Driver 13.2
   Devices:
     "cpu"      : "x86_64"
     "cuda:0"   : "NVIDIA RTX PRO 6000 Blackwell Workstation Edition" (95 GiB, sm_120, mempool enabled)
   Kernel cache:
     /home/ubuntu/.cache/warp/1.10.1

============================================================
PSRO Iteration 0/30
============================================================
[League] Iteration 0: Evaluating payoff matrix...
  [payoff] p0000 vs p0003 (1/9)... Module radar_sim.gpu.vec_array 0e899e2 load on device 'cuda:0' took 10.84 ms  (cached)
Module radar_sim.gpu.vec_channel 6a2afee load on device 'cuda:0' took 1.52 ms  (cached)
win_rate=0.50 (181.5s)
  [payoff] p0000 vs p0004 (2/9)... win_rate=0.50 (185.0s)
  [payoff] p0000 vs p0005 (3/9)... win_rate=0.50 (184.3s)
  [payoff] p0001 vs p0003 (4/9)... win_rate=0.50 (102.6s)
  [payoff] p0001 vs p0004 (5/9)... win_rate=0.50 (101.9s)
  [payoff] p0001 vs p0005 (6/9)... win_rate=0.50 (106.0s)
  [payoff] p0002 vs p0003 (7/9)... win_rate=0.50 (102.1s)
  [payoff] p0002 vs p0004 (8/9)... win_rate=0.50 (106.2s)
  [payoff] p0002 vs p0005 (9/9)... win_rate=0.50 (102.3s)
  Team 0 sigma=[1. 0. 0.] NashConv=0.0000 H_task=-0.000 effK=1.00
  Team 1 sigma=[1. 0. 0.] NashConv=0.0000 H_task=-0.000 effK=1.00
  Training main (team 0, p0000) against p0004...
    ep 5/100  wr=0.00
    ep 10/100  wr=0.00
    ep 15/100  wr=0.00
    ep 20/100  wr=0.00
    ep 25/100  wr=0.00
    ep 30/100  wr=0.00
    ep 35/100  wr=0.00
    ep 40/100  wr=0.00
    ep 45/100  wr=0.00
    ep 50/100  wr=0.00
    ep 55/100  wr=0.00
    ep 60/100  wr=0.00
    ep 65/100  wr=0.00
    ep 70/100  wr=0.00
    ep 75/100  wr=0.00
    ep 80/100  wr=0.00
    ep 85/100  wr=0.00
    ep 90/100  wr=0.00
    ep 95/100  wr=0.00
    ep 100/100  wr=0.00
  Training main_exploiter (team 0, p0001) against p0003...
    ep 5/100  wr=0.00
    ep 10/100  wr=0.00
    ep 15/100  wr=0.00
    ep 20/100  wr=0.00
    ep 25/100  wr=0.00
    ep 30/100  wr=0.00
    ep 35/100  wr=0.00
    ep 40/100  wr=0.00
    ep 45/100  wr=0.00
    ep 50/100  wr=0.00
    ep 55/100  wr=0.00
    ep 60/100  wr=0.00
    ep 65/100  wr=0.00
    ep 70/100  wr=0.00
    ep 75/100  wr=0.00
    ep 80/100  wr=0.00
    ep 85/100  wr=0.00
    ep 90/100  wr=0.00
    ep 95/100  wr=0.00
Terminated
