[gpu] Using device: cuda
[gpu] GPU: NVIDIA RTX PRO 6000 Blackwell Workstation Edition
[gpu] VRAM: 102.0 GB
FluxPhased League Training
Config: configs/ablation_f1f8/v2_aggressive.yaml
Device: cuda
Environment: E=12, R=4, N=625, P=4, bins=64
State dim: 163783, Action dim: 13753
[wandb] wandb not available; skipping logging
Warp 1.10.1 initialized:
   CUDA Toolkit 12.8, Driver 13.2
   Devices:
     "cpu"      : "x86_64"
     "cuda:0"   : "NVIDIA RTX PRO 6000 Blackwell Workstation Edition" (95 GiB, sm_120, mempool enabled)
   Kernel cache:
     /home/ubuntu/.cache/warp/1.10.1
[League] kill_radius initialized at 50.000m (will anneal toward 0.200m)

============================================================
PSRO Iteration 0/24
============================================================
[League] Iteration 0: Evaluating payoff matrix...
  [payoff] p0000 vs p0003 (1/9)... Module radar_sim.gpu.vec_channel 6a2afee load on device 'cuda:0' took 0.40 ms  (cached)
Module radar_sim.gpu.vec_array 0e899e2 load on device 'cuda:0' took 29.40 ms  (cached)
win_rate=1.00 (6.0s)
  [payoff] p0000 vs p0004 (2/9)... win_rate=1.00 (5.6s)
  [payoff] p0000 vs p0005 (3/9)... win_rate=1.00 (5.6s)
  [payoff] p0001 vs p0003 (4/9)... win_rate=1.00 (5.5s)
  [payoff] p0001 vs p0004 (5/9)... win_rate=1.00 (5.5s)
  [payoff] p0001 vs p0005 (6/9)... win_rate=1.00 (5.5s)
  [payoff] p0002 vs p0003 (7/9)... win_rate=1.00 (5.6s)
  [payoff] p0002 vs p0004 (8/9)... win_rate=1.00 (5.5s)
  [payoff] p0002 vs p0005 (9/9)... win_rate=1.00 (5.5s)
  Team 0 sigma=[1. 0. 0.] NashConv=0.0000 H_task=1.386 effK=1.00
  Team 1 sigma=[1. 0. 0.] NashConv=0.0000 H_task=1.386 effK=1.00
  Training main (team 0, p0000) against self...
      [PPO] main-t0 ep0 step43 cmd(pl=-0.0047 vl=58355.1061 ent=2.2501) rad(pl=0.0193 vl=19420.4824 ent=321.3225)
      [PPO] main-t0 ep0 step85 cmd(pl=-0.0008 vl=59854.3867 ent=2.2718) rad(pl=0.0233 vl=10437.2676 ent=321.6364)
      [PPO] main-t0 ep0 step127 cmd(pl=-0.0011 vl=56505.1374 ent=2.2760) rad(pl=0.0043 vl=7847.9438 ent=321.7241)
      [PPO] main-t0 ep0 step169 cmd(pl=-0.0015 vl=52214.7057 ent=2.2795) rad(pl=-0.0013 vl=7171.3986 ent=321.7769)
      [PPO] main-t0 ep0 step211 cmd(pl=-0.0021 vl=62607.5547 ent=2.2923) rad(pl=0.0006 vl=7010.5369 ent=321.8803)
      [PPO] main-t0 ep0 step253 cmd(pl=-0.0052 vl=63940.0638 ent=2.3025) rad(pl=0.0033 vl=7181.0067 ent=322.0263)
      [PPO] main-t0 ep0 step295 cmd(pl=-0.0022 vl=54391.5254 ent=2.3163) rad(pl=0.0094 vl=7058.8130 ent=322.1891)
      [PPO] main-t0 ep0 step337 cmd(pl=-0.0010 vl=59062.9460 ent=2.3305) rad(pl=0.0137 vl=6869.4880 ent=322.5130)
      [PPO] main-t0 ep0 step379 cmd(pl=-0.0002 vl=52832.5371 ent=2.3388) rad(pl=0.0067 vl=6567.1624 ent=322.6478)
      [PPO] main-t0 ep0 step421 cmd(pl=-0.0017 vl=57662.7129 ent=2.3466) rad(pl=0.0039 vl=6444.2775 ent=322.8169)
      [PPO] main-t0 ep0 step463 cmd(pl=-0.0013 vl=63545.9896 ent=2.3453) rad(pl=0.0034 vl=6436.7189 ent=322.8343)
    ep 1/10  steps=500 timeout  wr=0.00  avg_r=3666.9304
      [PPO] main-t0 ep1 step43 cmd(pl=-0.0007 vl=52150.1445 ent=2.3314) rad(pl=0.0028 vl=13592.3315 ent=323.0274)
      [PPO] main-t0 ep1 step85 cmd(pl=-0.0006 vl=65111.2148 ent=2.3276) rad(pl=0.0033 vl=17219.2344 ent=323.1029)
      [PPO] main-t0 ep1 step127 cmd(pl=-0.0019 vl=54220.3431 ent=2.3273) rad(pl=0.0033 vl=25247.7585 ent=323.1324)
      [PPO] main-t0 ep1 step169 cmd(pl=-0.0005 vl=56034.1315 ent=2.3278) rad(pl=0.0020 vl=35703.1536 ent=323.2099)
      [PPO] main-t0 ep1 step211 cmd(pl=-0.0020 vl=51520.0749 ent=2.3315) rad(pl=0.0009 vl=44416.4525 ent=323.2562)
      [PPO] main-t0 ep1 step253 cmd(pl=-0.0015 vl=56018.2233 ent=2.3427) rad(pl=-0.0004 vl=52852.1621 ent=323.2859)
      [PPO] main-t0 ep1 step295 cmd(pl=-0.0003 vl=52504.3750 ent=2.3492) rad(pl=0.0002 vl=59361.0404 ent=323.2923)
      [PPO] main-t0 ep1 step337 cmd(pl=-0.0005 vl=53925.2025 ent=2.3514) rad(pl=0.0004 vl=66973.9323 ent=323.2876)
      [PPO] main-t0 ep1 step379 cmd(pl=-0.0004 vl=52209.2721 ent=2.3514) rad(pl=0.0006 vl=74626.0560 ent=323.2888)
      [PPO] main-t0 ep1 step421 cmd(pl=-0.0007 vl=51304.0749 ent=2.3501) rad(pl=-0.0004 vl=81327.5716 ent=323.2980)
      [PPO] main-t0 ep1 step463 cmd(pl=-0.0008 vl=55572.5625 ent=2.3487) rad(pl=-0.0000 vl=88200.8945 ent=323.3229)
    ep 2/10  steps=500 timeout  wr=0.00  avg_r=3637.2310
      [PPO] main-t0 ep2 step43 cmd(pl=-0.0001 vl=52652.4049 ent=2.3466) rad(pl=-0.0015 vl=93352.1484 ent=323.3426)
      [PPO] main-t0 ep2 step85 cmd(pl=-0.0001 vl=58583.0007 ent=2.3481) rad(pl=-0.0028 vl=68792.0846 ent=323.3430)
      [PPO] main-t0 ep2 step127 cmd(pl=-0.0003 vl=64609.3132 ent=2.3498) rad(pl=-0.0025 vl=58502.7383 ent=323.3586)
      [PPO] main-t0 ep2 step169 cmd(pl=-0.0004 vl=48990.2253 ent=2.3519) rad(pl=-0.0016 vl=52101.8952 ent=323.3752)
      [PPO] main-t0 ep2 step211 cmd(pl=-0.0004 vl=54165.8431 ent=2.3530) rad(pl=-0.0020 vl=51234.7917 ent=323.3855)
      [PPO] main-t0 ep2 step253 cmd(pl=-0.0012 vl=45692.9622 ent=2.3559) rad(pl=-0.0013 vl=50438.2044 ent=323.4042)
      [PPO] main-t0 ep2 step295 cmd(pl=0.0004 vl=52273.4609 ent=2.3605) rad(pl=0.0014 vl=52486.9434 ent=323.4601)
      [PPO] main-t0 ep2 step337 cmd(pl=-0.0001 vl=50863.5957 ent=2.3618) rad(pl=0.0006 vl=53371.5521 ent=323.4961)
      [PPO] main-t0 ep2 step379 cmd(pl=-0.0004 vl=55655.9590 ent=2.3609) rad(pl=0.0004 vl=55247.1999 ent=323.5277)
      [PPO] main-t0 ep2 step421 cmd(pl=-0.0004 vl=57683.0612 ent=2.3590) rad(pl=-0.0006 vl=58300.7663 ent=323.5682)
      [PPO] main-t0 ep2 step463 cmd(pl=-0.0000 vl=48920.4909 ent=2.3567) rad(pl=0.0006 vl=60808.6426 ent=323.6163)
    ep 3/10  steps=500 timeout  wr=0.00  avg_r=3650.8756
  Training main (team 0, p0000) against p0004...
      [PPO] main-t0 ep0 step43 cmd(pl=-0.0004 vl=44266.6621 ent=2.3605) rad(pl=-0.0007 vl=95750.7500 ent=323.6536)
      [PPO] main-t0 ep0 step85 cmd(pl=-0.0007 vl=46686.1940 ent=2.3598) rad(pl=0.0008 vl=98391.1745 ent=323.6569)
      [PPO] main-t0 ep0 step127 cmd(pl=-0.0003 vl=52142.2096 ent=2.3567) rad(pl=0.0004 vl=98731.5781 ent=323.7077)
      [PPO] main-t0 ep0 step169 cmd(pl=-0.0003 vl=54135.7715 ent=2.3555) rad(pl=-0.0033 vl=101285.8073 ent=323.7292)
      [PPO] main-t0 ep0 step211 cmd(pl=-0.0001 vl=53456.8900 ent=2.3554) rad(pl=-0.0025 vl=104205.3359 ent=323.7501)
      [PPO] main-t0 ep0 step253 cmd(pl=-0.0003 vl=46954.9290 ent=2.3562) rad(pl=0.0020 vl=105926.2331 ent=323.7816)
      [PPO] main-t0 ep0 step295 cmd(pl=-0.0009 vl=47103.5358 ent=2.3567) rad(pl=0.0001 vl=107948.9062 ent=323.8024)
      [PPO] main-t0 ep0 step337 cmd(pl=0.0000 vl=49256.7122 ent=2.3562) rad(pl=-0.0008 vl=109425.8516 ent=323.8211)
      [PPO] main-t0 ep0 step379 cmd(pl=-0.0003 vl=45726.3971 ent=2.3576) rad(pl=-0.0015 vl=109085.2409 ent=323.8351)
      [PPO] main-t0 ep0 step421 cmd(pl=-0.0005 vl=43186.3477 ent=2.3584) rad(pl=0.0025 vl=109187.0430 ent=323.8459)
      [PPO] main-t0 ep0 step463 cmd(pl=0.0002 vl=42727.9883 ent=2.3612) rad(pl=0.0002 vl=109319.4844 ent=323.8710)
    ep 1/10  steps=500 timeout  wr=0.00  avg_r=3653.2105
      [PPO] main-t0 ep1 step43 cmd(pl=-0.0004 vl=37357.0983 ent=2.3660) rad(pl=-0.0017 vl=89976.6198 ent=323.9404)
      [PPO] main-t0 ep1 step85 cmd(pl=-0.0004 vl=43076.6680 ent=2.3636) rad(pl=0.0002 vl=90147.6211 ent=323.9642)
      [PPO] main-t0 ep1 step127 cmd(pl=-0.0002 vl=38971.4603 ent=2.3607) rad(pl=-0.0005 vl=87629.7005 ent=323.9836)
      [PPO] main-t0 ep1 step169 cmd(pl=-0.0001 vl=43044.2819 ent=2.3596) rad(pl=-0.0022 vl=87577.6445 ent=323.9949)
      [PPO] main-t0 ep1 step211 cmd(pl=-0.0004 vl=40820.3118 ent=2.3585) rad(pl=-0.0002 vl=85602.5846 ent=324.0195)
      [PPO] main-t0 ep1 step253 cmd(pl=-0.0001 vl=40265.1549 ent=2.3587) rad(pl=-0.0004 vl=84818.3893 ent=324.0378)
      [PPO] main-t0 ep1 step295 cmd(pl=-0.0003 vl=47648.8099 ent=2.3583) rad(pl=-0.0019 vl=84669.4596 ent=324.0508)
      [PPO] main-t0 ep1 step337 cmd(pl=-0.0006 vl=39886.1400 ent=2.3558) rad(pl=-0.0002 vl=81671.1510 ent=324.0569)
      [PPO] main-t0 ep1 step379 cmd(pl=-0.0001 vl=40952.6055 ent=2.3540) rad(pl=-0.0021 vl=81447.1237 ent=324.0719)
      [PPO] main-t0 ep1 step421 cmd(pl=-0.0000 vl=44542.6595 ent=2.3529) rad(pl=-0.0029 vl=81151.3021 ent=324.0883)
      [PPO] main-t0 ep1 step463 cmd(pl=-0.0002 vl=37585.4993 ent=2.3536) rad(pl=-0.0002 vl=78694.8008 ent=324.1245)
    ep 2/10  steps=500 timeout  wr=0.00  avg_r=3619.8449
      [PPO] main-t0 ep2 step43 cmd(pl=-0.0002 vl=34462.3789 ent=2.3529) rad(pl=-0.0023 vl=59787.3555 ent=324.1414)
      [PPO] main-t0 ep2 step85 cmd(pl=-0.0002 vl=45740.7012 ent=2.3533) rad(pl=-0.0015 vl=59127.1009 ent=324.1468)
      [PPO] main-t0 ep2 step127 cmd(pl=-0.0003 vl=46364.0215 ent=2.3566) rad(pl=-0.0005 vl=61136.4167 ent=324.1610)
      [PPO] main-t0 ep2 step169 cmd(pl=-0.0002 vl=39050.3138 ent=2.3589) rad(pl=0.0017 vl=62602.3750 ent=324.1968)
      [PPO] main-t0 ep2 step211 cmd(pl=-0.0004 vl=43120.1758 ent=2.3600) rad(pl=-0.0011 vl=63423.1068 ent=324.2036)
      [PPO] main-t0 ep2 step253 cmd(pl=-0.0003 vl=40495.7962 ent=2.3617) rad(pl=0.0004 vl=63147.7135 ent=324.2537)
      [PPO] main-t0 ep2 step295 cmd(pl=-0.0004 vl=46288.1934 ent=2.3635) rad(pl=-0.0008 vl=63505.1829 ent=324.2765)
      [PPO] main-t0 ep2 step337 cmd(pl=-0.0009 vl=43364.1048 ent=2.3624) rad(pl=0.0009 vl=63210.7611 ent=324.3133)
      [PPO] main-t0 ep2 step379 cmd(pl=-0.0005 vl=41191.0358 ent=2.3612) rad(pl=-0.0002 vl=61878.2637 ent=324.3456)
      [PPO] main-t0 ep2 step421 cmd(pl=-0.0005 vl=49051.3867 ent=2.3602) rad(pl=-0.0018 vl=61815.1445 ent=324.3654)
      [PPO] main-t0 ep2 step463 cmd(pl=-0.0001 vl=44328.8372 ent=2.3587) rad(pl=-0.0018 vl=61279.7819 ent=324.4051)
    ep 3/10  steps=500 timeout  wr=0.00  avg_r=3618.5444
  Training main (team 0, p0000) against p0005...
      [PPO] main-t0 ep0 step43 cmd(pl=-0.0003 vl=51097.3112 ent=2.3573) rad(pl=-0.0030 vl=68117.8190 ent=324.4342)
      [PPO] main-t0 ep0 step85 cmd(pl=-0.0001 vl=51724.2643 ent=2.3565) rad(pl=0.0006 vl=67760.7018 ent=324.4443)
      [PPO] main-t0 ep0 step127 cmd(pl=-0.0006 vl=52578.0664 ent=2.3542) rad(pl=0.0003 vl=67696.1523 ent=324.4740)
      [PPO] main-t0 ep0 step169 cmd(pl=-0.0003 vl=49779.7917 ent=2.3531) rad(pl=0.0010 vl=67559.0469 ent=324.4879)
      [PPO] main-t0 ep0 step211 cmd(pl=-0.0007 vl=49326.8848 ent=2.3541) rad(pl=-0.0001 vl=65720.2279 ent=324.5080)
      [PPO] main-t0 ep0 step253 cmd(pl=-0.0004 vl=57783.8665 ent=2.3543) rad(pl=-0.0036 vl=65553.9284 ent=324.5159)
      [PPO] main-t0 ep0 step295 cmd(pl=-0.0001 vl=55712.7441 ent=2.3560) rad(pl=-0.0014 vl=63712.7858 ent=324.4977)
      [PPO] main-t0 ep0 step337 cmd(pl=-0.0002 vl=55038.5729 ent=2.3621) rad(pl=-0.0001 vl=61825.4759 ent=324.5138)
      [PPO] main-t0 ep0 step379 cmd(pl=-0.0007 vl=64002.0286 ent=2.3654) rad(pl=0.0002 vl=60940.4570 ent=324.5569)
      [PPO] main-t0 ep0 step421 cmd(pl=-0.0014 vl=61830.6999 ent=2.3668) rad(pl=-0.0026 vl=59203.4538 ent=324.5992)
      [PPO] main-t0 ep0 step463 cmd(pl=-0.0020 vl=64859.9460 ent=2.3712) rad(pl=-0.0031 vl=57982.6882 ent=324.6233)
    ep 1/10  steps=500 timeout  wr=0.00  avg_r=3707.8483
      [PPO] main-t0 ep1 step43 cmd(pl=-0.0019 vl=63678.3880 ent=2.3792) rad(pl=-0.0013 vl=68723.3945 ent=324.6789)
      [PPO] main-t0 ep1 step85 cmd(pl=-0.0026 vl=60696.2578 ent=2.3863) rad(pl=0.0014 vl=67382.3535 ent=324.7565)
      [PPO] main-t0 ep1 step127 cmd(pl=-0.0068 vl=62645.0651 ent=2.3930) rad(pl=-0.0015 vl=66528.6081 ent=324.7838)
      [PPO] main-t0 ep1 step169 cmd(pl=-0.0002 vl=64835.6921 ent=2.3945) rad(pl=-0.0021 vl=65095.8477 ent=324.8227)
      [PPO] main-t0 ep1 step211 cmd(pl=-0.0016 vl=64860.0260 ent=2.3935) rad(pl=-0.0024 vl=64041.7031 ent=324.8482)
      [PPO] main-t0 ep1 step253 cmd(pl=0.0003 vl=60844.3665 ent=2.3931) rad(pl=-0.0004 vl=62036.0117 ent=324.8646)
      [PPO] main-t0 ep1 step295 cmd(pl=-0.0019 vl=66092.4434 ent=2.3945) rad(pl=0.0027 vl=65657.0130 ent=324.8992)
      [PPO] main-t0 ep1 step337 cmd(pl=-0.0030 vl=64120.2142 ent=2.3952) rad(pl=-0.0061 vl=63550.3496 ent=324.8787)
      [PPO] main-t0 ep1 step379 cmd(pl=-0.0045 vl=67055.2578 ent=2.3925) rad(pl=0.0019 vl=63343.8503 ent=324.8913)
      [PPO] main-t0 ep1 step421 cmd(pl=-0.0065 vl=64308.5078 ent=2.3888) rad(pl=-0.0012 vl=61195.0658 ent=324.9087)
      [PPO] main-t0 ep1 step463 cmd(pl=0.0005 vl=66844.0352 ent=2.3846) rad(pl=0.0006 vl=62118.4759 ent=324.9656)
    ep 2/10  steps=500 timeout  wr=0.00  avg_r=3583.1571
      [PPO] main-t0 ep2 step43 cmd(pl=-0.0007 vl=71318.6113 ent=2.3889) rad(pl=-0.0039 vl=64215.2448 ent=325.0497)
      [PPO] main-t0 ep2 step85 cmd(pl=-0.0003 vl=68508.6784 ent=2.3926) rad(pl=0.0030 vl=62899.2676 ent=325.1261)
      [PPO] main-t0 ep2 step127 cmd(pl=-0.0005 vl=62776.3047 ent=2.3879) rad(pl=-0.0068 vl=60866.8477 ent=325.1545)
      [PPO] main-t0 ep2 step169 cmd(pl=-0.0047 vl=65128.9082 ent=2.3857) rad(pl=0.0003 vl=60942.9414 ent=325.2057)
      [PPO] main-t0 ep2 step211 cmd(pl=-0.0057 vl=64484.2663 ent=2.3853) rad(pl=0.0010 vl=59601.2233 ent=325.2145)
      [PPO] main-t0 ep2 step253 cmd(pl=-0.0028 vl=62659.1582 ent=2.3842) rad(pl=0.0044 vl=57853.7285 ent=325.2072)
      [PPO] main-t0 ep2 step295 cmd(pl=-0.0023 vl=62344.0866 ent=2.3871) rad(pl=0.0024 vl=56368.9121 ent=325.2268)
      [PPO] main-t0 ep2 step337 cmd(pl=-0.0021 vl=61687.2598 ent=2.3956) rad(pl=0.0005 vl=55819.0501 ent=325.2881)
      [PPO] main-t0 ep2 step379 cmd(pl=-0.0012 vl=63146.6549 ent=2.4068) rad(pl=-0.0005 vl=54829.9642 ent=325.3216)
      [PPO] main-t0 ep2 step421 cmd(pl=-0.0024 vl=62540.6999 ent=2.4097) rad(pl=-0.0039 vl=52560.1569 ent=325.3776)
      [PPO] main-t0 ep2 step463 cmd(pl=-0.0041 vl=59718.3333 ent=2.4133) rad(pl=-0.0040 vl=51608.8913 ent=325.3924)
    ep 3/10  steps=500 timeout  wr=0.00  avg_r=3511.7299
  Training main_exploiter (team 0, p0001) against p0003...
      [PPO] main-t0 ep0 step43 cmd(pl=-0.0046 vl=65498.4342 ent=2.2438) rad(pl=0.0319 vl=64616.4928 ent=321.7540)
      [PPO] main-t0 ep0 step85 cmd(pl=-0.0016 vl=74879.6237 ent=2.2375) rad(pl=0.0140 vl=35623.5866 ent=321.8721)
      [PPO] main-t0 ep0 step127 cmd(pl=-0.0017 vl=65303.5417 ent=2.2313) rad(pl=0.0136 vl=22032.3265 ent=322.0378)
      [PPO] main-t0 ep0 step169 cmd(pl=-0.0001 vl=60146.3529 ent=2.2490) rad(pl=0.0035 vl=15122.4928 ent=322.2461)
      [PPO] main-t0 ep0 step211 cmd(pl=-0.0008 vl=67833.9284 ent=2.2509) rad(pl=0.0059 vl=11941.8771 ent=322.3910)
      [PPO] main-t0 ep0 step253 cmd(pl=-0.0037 vl=68292.7188 ent=2.2426) rad(pl=-0.0022 vl=10918.0189 ent=322.4125)
      [PPO] main-t0 ep0 step295 cmd(pl=-0.0029 vl=70160.5964 ent=2.2170) rad(pl=0.0025 vl=11658.6038 ent=322.5054)
      [PPO] main-t0 ep0 step337 cmd(pl=0.0001 vl=62098.5710 ent=2.1953) rad(pl=0.0103 vl=13035.3105 ent=322.5011)
      [PPO] main-t0 ep0 step379 cmd(pl=-0.0023 vl=87006.7917 ent=2.1950) rad(pl=0.0104 vl=16747.7111 ent=322.3304)
      [PPO] main-t0 ep0 step421 cmd(pl=0.0002 vl=65779.8939 ent=2.2051) rad(pl=0.0016 vl=19605.1751 ent=322.3276)
      [PPO] main-t0 ep0 step463 cmd(pl=-0.0008 vl=68184.2357 ent=2.2140) rad(pl=0.0060 vl=21945.8740 ent=322.2581)
    ep 1/10  steps=500 timeout  wr=0.00  avg_r=3998.0003
      [PPO] main-t0 ep1 step43 cmd(pl=-0.0017 vl=61657.0345 ent=2.2308) rad(pl=0.0023 vl=40767.9264 ent=322.5716)
      [PPO] main-t0 ep1 step85 cmd(pl=0.0005 vl=62506.2598 ent=2.2469) rad(pl=0.0006 vl=47188.0436 ent=322.6550)
      [PPO] main-t0 ep1 step127 cmd(pl=-0.0006 vl=65699.6009 ent=2.2522) rad(pl=0.0007 vl=54811.9219 ent=322.6575)
      [PPO] main-t0 ep1 step169 cmd(pl=-0.0013 vl=70716.6992 ent=2.2557) rad(pl=0.0005 vl=62880.2930 ent=322.6725)
      [PPO] main-t0 ep1 step211 cmd(pl=0.0001 vl=59660.3906 ent=2.2610) rad(pl=0.0001 vl=69784.1849 ent=322.6934)
      [PPO] main-t0 ep1 step253 cmd(pl=0.0000 vl=61016.5579 ent=2.2663) rad(pl=-0.0018 vl=80910.4427 ent=322.7384)
      [PPO] main-t0 ep1 step295 cmd(pl=-0.0008 vl=66196.3939 ent=2.2691) rad(pl=0.0002 vl=97414.6159 ent=322.8179)
      [PPO] main-t0 ep1 step337 cmd(pl=-0.0008 vl=53787.0436 ent=2.2695) rad(pl=-0.0004 vl=121493.4284 ent=322.8526)
      [PPO] main-t0 ep1 step379 cmd(pl=-0.0007 vl=59118.5833 ent=2.2741) rad(pl=0.0005 vl=154967.7865 ent=322.8438)
      [PPO] main-t0 ep1 step421 cmd(pl=-0.0002 vl=58176.3184 ent=2.2784) rad(pl=-0.0006 vl=188760.6250 ent=322.8782)
      [PPO] main-t0 ep1 step463 cmd(pl=-0.0007 vl=65045.6094 ent=2.2869) rad(pl=-0.0014 vl=217499.3932 ent=322.9273)
    ep 2/10  steps=500 timeout  wr=0.00  avg_r=3917.7078
      [PPO] main-t0 ep2 step43 cmd(pl=-0.0006 vl=56869.7220 ent=2.2869) rad(pl=0.0009 vl=251402.4167 ent=322.9454)
      [PPO] main-t0 ep2 step85 cmd(pl=-0.0006 vl=66044.3652 ent=2.2848) rad(pl=-0.0012 vl=173779.7760 ent=322.9453)
      [PPO] main-t0 ep2 step127 cmd(pl=-0.0005 vl=56989.4544 ent=2.2842) rad(pl=-0.0012 vl=160635.4766 ent=322.9464)
      [PPO] main-t0 ep2 step169 cmd(pl=-0.0001 vl=61010.5612 ent=2.2858) rad(pl=-0.0008 vl=146508.4583 ent=322.9557)
      [PPO] main-t0 ep2 step211 cmd(pl=-0.0000 vl=69226.0260 ent=2.2849) rad(pl=0.0011 vl=138793.5182 ent=322.9575)
      [PPO] main-t0 ep2 step253 cmd(pl=-0.0004 vl=57394.7585 ent=2.2862) rad(pl=-0.0037 vl=133704.8815 ent=322.9919)
      [PPO] main-t0 ep2 step295 cmd(pl=-0.0000 vl=62769.1146 ent=2.2912) rad(pl=-0.0014 vl=129245.1771 ent=323.0487)
      [PPO] main-t0 ep2 step337 cmd(pl=-0.0003 vl=55440.9792 ent=2.2943) rad(pl=0.0011 vl=123964.5312 ent=323.0736)
      [PPO] main-t0 ep2 step379 cmd(pl=-0.0007 vl=60913.4811 ent=2.3006) rad(pl=0.0007 vl=119967.4583 ent=323.0853)
      [PPO] main-t0 ep2 step421 cmd(pl=0.0004 vl=56284.5085 ent=2.3061) rad(pl=-0.0012 vl=115032.2214 ent=323.0962)
      [PPO] main-t0 ep2 step463 cmd(pl=0.0001 vl=51188.7552 ent=2.3074) rad(pl=-0.0007 vl=110134.2305 ent=323.1401)
    ep 3/10  steps=500 timeout  wr=0.00  avg_r=3906.0239
      [PPO] main-t0 ep3 step43 cmd(pl=-0.0003 vl=49436.1478 ent=2.3123) rad(pl=-0.0014 vl=111434.3919 ent=323.2058)
      [PPO] main-t0 ep3 step85 cmd(pl=-0.0003 vl=47033.9948 ent=2.3141) rad(pl=0.0010 vl=92170.9349 ent=323.2400)
      [PPO] main-t0 ep3 step127 cmd(pl=-0.0002 vl=52205.8171 ent=2.3151) rad(pl=-0.0001 vl=79952.9375 ent=323.2520)
      [PPO] main-t0 ep3 step169 cmd(pl=-0.0003 vl=49964.5039 ent=2.3166) rad(pl=-0.0005 vl=78944.5417 ent=323.2660)
      [PPO] main-t0 ep3 step211 cmd(pl=-0.0002 vl=50625.8184 ent=2.3168) rad(pl=-0.0017 vl=73470.3229 ent=323.2842)
      [PPO] main-t0 ep3 step253 cmd(pl=-0.0001 vl=51432.1393 ent=2.3178) rad(pl=0.0010 vl=73552.2083 ent=323.2949)
      [PPO] main-t0 ep3 step295 cmd(pl=-0.0003 vl=44156.4531 ent=2.3192) rad(pl=-0.0009 vl=70392.9844 ent=323.3019)
      [PPO] main-t0 ep3 step337 cmd(pl=-0.0000 vl=50053.5697 ent=2.3165) rad(pl=0.0004 vl=71145.5534 ent=323.2821)
      [PPO] main-t0 ep3 step379 cmd(pl=-0.0003 vl=53996.7923 ent=2.3155) rad(pl=0.0009 vl=70394.7513 ent=323.2989)
      [PPO] main-t0 ep3 step421 cmd(pl=-0.0001 vl=48727.3743 ent=2.3141) rad(pl=-0.0018 vl=70554.1615 ent=323.3260)
      [PPO] main-t0 ep3 step463 cmd(pl=-0.0002 vl=40749.9297 ent=2.3168) rad(pl=0.0001 vl=69660.4310 ent=323.3336)
    ep 4/10  steps=500 timeout  wr=0.00  avg_r=3856.8847
      [PPO] main-t0 ep4 step43 cmd(pl=-0.0003 vl=51606.6719 ent=2.3148) rad(pl=-0.0015 vl=65778.0221 ent=323.3177)
      [PPO] main-t0 ep4 step85 cmd(pl=0.0001 vl=47013.2572 ent=2.3175) rad(pl=0.0012 vl=65223.9551 ent=323.3950)
      [PPO] main-t0 ep4 step127 cmd(pl=-0.0001 vl=53914.2474 ent=2.3161) rad(pl=0.0021 vl=66484.7943 ent=323.4110)
      [PPO] main-t0 ep4 step169 cmd(pl=-0.0002 vl=44040.3555 ent=2.3171) rad(pl=-0.0005 vl=65302.9811 ent=323.4569)
      [PPO] main-t0 ep4 step211 cmd(pl=-0.0003 vl=45007.0339 ent=2.3197) rad(pl=-0.0013 vl=66495.6842 ent=323.4448)
      [PPO] main-t0 ep4 step253 cmd(pl=-0.0004 vl=49502.3730 ent=2.3238) rad(pl=0.0014 vl=67644.4609 ent=323.4728)
      [PPO] main-t0 ep4 step295 cmd(pl=-0.0003 vl=49349.7728 ent=2.3265) rad(pl=0.0034 vl=68406.3034 ent=323.4963)
      [PPO] main-t0 ep4 step337 cmd(pl=-0.0007 vl=42702.9147 ent=2.3299) rad(pl=0.0008 vl=67548.1680 ent=323.5182)
      [PPO] main-t0 ep4 step379 cmd(pl=-0.0002 vl=48724.8789 ent=2.3325) rad(pl=-0.0013 vl=68723.9544 ent=323.5449)
