[gpu] Using device: cuda
[gpu] GPU: NVIDIA GeForce RTX 2060
[gpu] VRAM: 6.4 GB
S2 PPO AMENDMENT 02 (MultiDiscrete)  seed=20260801
  entropy_coef=5e-3, anneal_frac=0.5, target_kl=0.02
  train_seeds=64  val_seeds=64
  out_dir=E:\DATA\vscode\FluxPhased\experiments\array_face_s2\learning_repair\s2_ppo_output_amend02_seed20260801
  iter    9  rollout_drop=0.0028  val_drop=0.0095  entropy=1.9803 (b=0.390+m=1.591)  trans=10240  elapsed=266s
  iter   19  rollout_drop=0.0152  val_drop=0.0127  entropy=1.9744 (b=0.385+m=1.590)  trans=20480  elapsed=520s
  iter   29  rollout_drop=0.0114  val_drop=0.0177  entropy=1.9465 (b=0.359+m=1.588)  trans=30720  elapsed=776s
  iter   39  rollout_drop=0.0224  val_drop=0.0258  entropy=1.8451 (b=0.274+m=1.571)  trans=40960  elapsed=1047s
  iter   49  rollout_drop=0.0401  val_drop=0.0395  entropy=1.8057 (b=0.230+m=1.575)  trans=51200  elapsed=1322s
  iter   59  rollout_drop=0.0726  val_drop=0.0496  entropy=1.7640 (b=0.171+m=1.593)  trans=61440  elapsed=1636s
  iter   69  rollout_drop=0.0729  val_drop=0.0567  entropy=1.7208 (b=0.140+m=1.581)  trans=71680  elapsed=1956s
  iter   79  rollout_drop=0.0819  val_drop=0.0634  entropy=1.6870 (b=0.110+m=1.577)  trans=81920  elapsed=2284s
  iter   89  rollout_drop=0.1001  val_drop=0.0636  entropy=1.6843 (b=0.109+m=1.575)  trans=92160  elapsed=2613s
  iter   99  rollout_drop=0.0744  val_drop=0.0675  entropy=1.6683 (b=0.100+m=1.568)  trans=102400  elapsed=2942s
  iter  109  rollout_drop=0.0722  val_drop=0.0710  entropy=1.6527 (b=0.102+m=1.551)  trans=112640  elapsed=3279s
  iter  119  rollout_drop=0.0840  val_drop=0.0690  entropy=1.6620 (b=0.096+m=1.566)  trans=122880  elapsed=3618s
  iter  129  rollout_drop=0.1041  val_drop=0.0767  entropy=1.6147 (b=0.084+m=1.531)  trans=133120  elapsed=3953s
  iter  139  rollout_drop=0.0982  val_drop=0.0787  entropy=1.5968 (b=0.082+m=1.515)  trans=143360  elapsed=4291s
  iter  149  rollout_drop=0.0884  val_drop=0.0796  entropy=1.5885 (b=0.081+m=1.507)  trans=153600  elapsed=4615s
  iter  159  rollout_drop=0.0852  val_drop=0.0775  entropy=1.5685 (b=0.075+m=1.494)  trans=163840  elapsed=4923s
  iter  169  rollout_drop=0.0895  val_drop=0.0777  entropy=1.5502 (b=0.063+m=1.487)  trans=174080  elapsed=5234s
  iter  179  rollout_drop=0.1027  val_drop=0.0815  entropy=1.5338 (b=0.065+m=1.469)  trans=184320  elapsed=5545s
  iter  189  rollout_drop=0.0998  val_drop=0.0833  entropy=1.5071 (b=0.063+m=1.444)  trans=194560  elapsed=5854s
  iter  199  rollout_drop=0.0948  val_drop=0.0824  entropy=1.5162 (b=0.076+m=1.440)  trans=204800  elapsed=6162s
  iter  209  rollout_drop=0.0926  val_drop=0.0824  entropy=1.5123 (b=0.078+m=1.435)  trans=215040  elapsed=6470s
  iter  219  rollout_drop=0.0852  val_drop=0.0793  entropy=1.5054 (b=0.087+m=1.418)  trans=225280  elapsed=6780s
  iter  229  rollout_drop=0.1127  val_drop=0.0840  entropy=1.4453 (b=0.058+m=1.387)  trans=235520  elapsed=7090s
  iter  239  rollout_drop=0.1033  val_drop=0.0831  entropy=1.4782 (b=0.078+m=1.400)  trans=245760  elapsed=7404s
  iter  249  rollout_drop=0.1073  val_drop=0.0856  entropy=1.4822 (b=0.082+m=1.400)  trans=256000  elapsed=7712s
  iter  259  rollout_drop=0.1081  val_drop=0.0876  entropy=1.4533 (b=0.065+m=1.388)  trans=266240  elapsed=8022s
  iter  269  rollout_drop=0.1078  val_drop=0.0865  entropy=1.4476 (b=0.066+m=1.382)  trans=276480  elapsed=8333s
  iter  279  rollout_drop=0.1015  val_drop=0.0847  entropy=1.4658 (b=0.081+m=1.384)  trans=286720  elapsed=8645s
  iter  289  rollout_drop=0.0927  val_drop=0.0856  entropy=1.4581 (b=0.066+m=1.393)  trans=296960  elapsed=8955s
  iter  299  rollout_drop=0.1155  val_drop=0.0871  entropy=1.4511 (b=0.095+m=1.356)  trans=307200  elapsed=9266s
  iter  309  rollout_drop=0.1127  val_drop=0.0874  entropy=1.4093 (b=0.083+m=1.327)  trans=317440  elapsed=9575s
  iter  319  rollout_drop=0.0935  val_drop=0.0788  entropy=1.3953 (b=0.084+m=1.312)  trans=327680  elapsed=9888s
  iter  329  rollout_drop=0.1109  val_drop=0.0902  entropy=1.3814 (b=0.081+m=1.301)  trans=337920  elapsed=10200s
  iter  339  rollout_drop=0.1060  val_drop=0.0910  entropy=1.3149 (b=0.075+m=1.240)  trans=348160  elapsed=10511s
  iter  349  rollout_drop=0.0907  val_drop=0.0902  entropy=1.3410 (b=0.101+m=1.240)  trans=358400  elapsed=10825s
  iter  359  rollout_drop=0.1179  val_drop=0.0908  entropy=1.2485 (b=0.087+m=1.162)  trans=368640  elapsed=11138s
  iter  369  rollout_drop=0.1152  val_drop=0.0907  entropy=1.2913 (b=0.070+m=1.221)  trans=378880  elapsed=11449s
  iter  379  rollout_drop=0.1180  val_drop=0.0897  entropy=1.2523 (b=0.080+m=1.172)  trans=389120  elapsed=11760s
  iter  389  rollout_drop=0.1114  val_drop=0.0928  entropy=1.1956 (b=0.083+m=1.113)  trans=399360  elapsed=12060s
  iter  399  rollout_drop=0.1045  val_drop=0.0941  entropy=1.1798 (b=0.066+m=1.114)  trans=409600  elapsed=12358s
  iter  409  rollout_drop=0.0914  val_drop=0.0925  entropy=1.2430 (b=0.080+m=1.163)  trans=419840  elapsed=12654s
  iter  419  rollout_drop=0.1091  val_drop=0.0954  entropy=1.2201 (b=0.075+m=1.145)  trans=430080  elapsed=12950s
  iter  429  rollout_drop=0.1122  val_drop=0.0871  entropy=1.2806 (b=0.107+m=1.173)  trans=440320  elapsed=13244s
  iter  439  rollout_drop=0.1307  val_drop=0.0937  entropy=1.3480 (b=0.119+m=1.229)  trans=450560  elapsed=13538s
  iter  449  rollout_drop=0.1151  val_drop=0.0893  entropy=1.3445 (b=0.087+m=1.257)  trans=460800  elapsed=13833s
  iter  459  rollout_drop=0.1062  val_drop=0.0979  entropy=1.3314 (b=0.090+m=1.241)  trans=471040  elapsed=14127s
  iter  469  rollout_drop=0.1332  val_drop=0.0989  entropy=1.3165 (b=0.106+m=1.210)  trans=481280  elapsed=14421s
  iter  479  rollout_drop=0.1188  val_drop=0.1028  entropy=1.3641 (b=0.123+m=1.242)  trans=491520  elapsed=14716s
  iter  489  rollout_drop=0.1028  val_drop=0.1029  entropy=1.3695 (b=0.128+m=1.242)  trans=501760  elapsed=15010s
  iter  499  rollout_drop=0.1209  val_drop=0.0993  entropy=1.4055 (b=0.138+m=1.268)  trans=512000  elapsed=15302s
  iter  509  rollout_drop=0.1386  val_drop=0.0999  entropy=1.3842 (b=0.139+m=1.245)  trans=522240  elapsed=15597s
  iter  519  rollout_drop=0.1209  val_drop=0.1016  entropy=1.4199 (b=0.150+m=1.270)  trans=532480  elapsed=15891s
  iter  529  rollout_drop=0.1446  val_drop=0.1143  entropy=1.4530 (b=0.178+m=1.275)  trans=542720  elapsed=16185s
  iter  539  rollout_drop=0.1610  val_drop=0.1174  entropy=1.4616 (b=0.176+m=1.285)  trans=552960  elapsed=16479s
  iter  549  rollout_drop=0.1399  val_drop=0.1234  entropy=1.4374 (b=0.186+m=1.252)  trans=563200  elapsed=16772s
  iter  559  rollout_drop=0.1413  val_drop=0.1363  entropy=1.4133 (b=0.189+m=1.225)  trans=573440  elapsed=17066s
  iter  569  rollout_drop=0.1560  val_drop=0.1406  entropy=1.3688 (b=0.184+m=1.185)  trans=583680  elapsed=17361s
  iter  579  rollout_drop=0.1859  val_drop=0.1597  entropy=1.3286 (b=0.177+m=1.152)  trans=593920  elapsed=17655s
  iter  589  rollout_drop=0.2027  val_drop=0.1742  entropy=1.2815 (b=0.139+m=1.142)  trans=604160  elapsed=17951s
  iter  599  rollout_drop=0.1979  val_drop=0.1794  entropy=1.2633 (b=0.123+m=1.141)  trans=614400  elapsed=18244s
  iter  609  rollout_drop=0.1917  val_drop=0.1856  entropy=1.2114 (b=0.099+m=1.113)  trans=624640  elapsed=18540s
  iter  619  rollout_drop=0.2104  val_drop=0.1937  entropy=1.2015 (b=0.085+m=1.117)  trans=634880  elapsed=18834s
  iter  629  rollout_drop=0.2140  val_drop=0.1968  entropy=1.1750 (b=0.067+m=1.108)  trans=645120  elapsed=19128s
  iter  639  rollout_drop=0.2098  val_drop=0.2024  entropy=1.1364 (b=0.054+m=1.083)  trans=655360  elapsed=19422s
  iter  649  rollout_drop=0.2209  val_drop=0.2052  entropy=1.0613 (b=0.042+m=1.019)  trans=665600  elapsed=19716s
  iter  659  rollout_drop=0.2303  val_drop=0.2057  entropy=1.0812 (b=0.039+m=1.042)  trans=675840  elapsed=20011s
  iter  669  rollout_drop=0.2177  val_drop=0.2060  entropy=1.0570 (b=0.036+m=1.021)  trans=686080  elapsed=20306s
  iter  679  rollout_drop=0.2297  val_drop=0.2049  entropy=1.0069 (b=0.035+m=0.971)  trans=696320  elapsed=20599s
  iter  689  rollout_drop=0.2306  val_drop=0.2068  entropy=0.9805 (b=0.031+m=0.949)  trans=706560  elapsed=20893s
  iter  699  rollout_drop=0.2239  val_drop=0.2083  entropy=0.9610 (b=0.026+m=0.935)  trans=716800  elapsed=21188s
  iter  709  rollout_drop=0.2198  val_drop=0.2085  entropy=1.0006 (b=0.026+m=0.975)  trans=727040  elapsed=21482s
  iter  719  rollout_drop=0.2306  val_drop=0.2084  entropy=0.9543 (b=0.023+m=0.931)  trans=737280  elapsed=21777s
  iter  729  rollout_drop=0.2340  val_drop=0.2092  entropy=0.9422 (b=0.023+m=0.919)  trans=747520  elapsed=22071s
  iter  739  rollout_drop=0.2223  val_drop=0.2093  entropy=0.9334 (b=0.021+m=0.912)  trans=757760  elapsed=22365s
  iter  749  rollout_drop=0.2346  val_drop=0.2089  entropy=0.9441 (b=0.016+m=0.928)  trans=768000  elapsed=22659s
  iter  759  rollout_drop=0.2291  val_drop=0.2103  entropy=0.9379 (b=0.014+m=0.924)  trans=778240  elapsed=22953s
  iter  769  rollout_drop=0.2388  val_drop=0.2103  entropy=0.8784 (b=0.013+m=0.865)  trans=788480  elapsed=23247s
  iter  779  rollout_drop=0.2227  val_drop=0.2107  entropy=0.8622 (b=0.012+m=0.850)  trans=798720  elapsed=23539s
  iter  789  rollout_drop=0.2346  val_drop=0.2112  entropy=0.8354 (b=0.011+m=0.825)  trans=808960  elapsed=23832s
  iter  799  rollout_drop=0.2388  val_drop=0.2112  entropy=0.8081 (b=0.011+m=0.797)  trans=819200  elapsed=24126s
  iter  809  rollout_drop=0.2261  val_drop=0.2112  entropy=0.7573 (b=0.009+m=0.748)  trans=829440  elapsed=24419s
  iter  819  rollout_drop=0.2346  val_drop=0.2112  entropy=0.7701 (b=0.010+m=0.761)  trans=839680  elapsed=24714s
  iter  829  rollout_drop=0.2346  val_drop=0.2112  entropy=0.7972 (b=0.009+m=0.788)  trans=849920  elapsed=25008s
  iter  839  rollout_drop=0.2391  val_drop=0.2112  entropy=0.8503 (b=0.009+m=0.841)  trans=860160  elapsed=25301s
  iter  849  rollout_drop=0.2346  val_drop=0.2112  entropy=0.8415 (b=0.008+m=0.833)  trans=870400  elapsed=25595s
  iter  859  rollout_drop=0.2257  val_drop=0.2116  entropy=0.8394 (b=0.008+m=0.831)  trans=880640  elapsed=25888s
  iter  869  rollout_drop=0.2312  val_drop=0.2112  entropy=0.8382 (b=0.008+m=0.830)  trans=890880  elapsed=26183s
  iter  879  rollout_drop=0.2320  val_drop=0.2116  entropy=0.8243 (b=0.007+m=0.817)  trans=901120  elapsed=26476s
  iter  889  rollout_drop=0.2320  val_drop=0.2116  entropy=0.8225 (b=0.008+m=0.815)  trans=911360  elapsed=26770s
  iter  899  rollout_drop=0.2312  val_drop=0.2116  entropy=0.8121 (b=0.006+m=0.806)  trans=921600  elapsed=27064s
  iter  909  rollout_drop=0.2220  val_drop=0.2116  entropy=0.8008 (b=0.007+m=0.794)  trans=931840  elapsed=27358s
  iter  919  rollout_drop=0.2292  val_drop=0.2116  entropy=0.7694 (b=0.006+m=0.764)  trans=942080  elapsed=27651s
  iter  929  rollout_drop=0.2312  val_drop=0.2116  entropy=0.7813 (b=0.006+m=0.776)  trans=952320  elapsed=27944s
  iter  939  rollout_drop=0.2208  val_drop=0.2116  entropy=0.7434 (b=0.006+m=0.737)  trans=962560  elapsed=28238s
  iter  949  rollout_drop=0.2346  val_drop=0.2120  entropy=0.7107 (b=0.005+m=0.706)  trans=972800  elapsed=28531s
  iter  959  rollout_drop=0.2346  val_drop=0.2124  entropy=0.6562 (b=0.005+m=0.651)  trans=983040  elapsed=28825s
  iter  969  rollout_drop=0.2346  val_drop=0.2124  entropy=0.6186 (b=0.005+m=0.614)  trans=993280  elapsed=29119s
  iter  979  rollout_drop=0.2346  val_drop=0.2120  entropy=0.6260 (b=0.005+m=0.621)  trans=1003520  elapsed=29412s
  iter  989  rollout_drop=0.2203  val_drop=0.2124  entropy=0.6220 (b=0.005+m=0.617)  trans=1013760  elapsed=29706s
  iter  999  rollout_drop=0.2346  val_drop=0.2121  entropy=0.7125 (b=0.004+m=0.708)  trans=1024000  elapsed=29999s

wrote E:\DATA\vscode\FluxPhased\experiments\array_face_s2\learning_repair\s2_ppo_output_amend02_seed20260801/train_metrics.jsonl (1000 rows)
wrote E:\DATA\vscode\FluxPhased\experiments\array_face_s2\learning_repair\s2_ppo_output_amend02_seed20260801/val_metrics.jsonl (100 rows)
elapsed: 29998.9s
