[gpu] Using device: cuda
[gpu] GPU: NVIDIA GeForce RTX 2060
[gpu] VRAM: 6.4 GB
S2 PPO AMENDMENT 02 (MultiDiscrete)  seed=20260730
  entropy_coef=5e-3, anneal_frac=0.5, target_kl=0.02
  train_seeds=64  val_seeds=64
  out_dir=E:\DATA\vscode\FluxPhased\experiments\array_face_s2\learning_repair\s2_ppo_output_amend02_seed20260730
  iter    9  rollout_drop=0.0080  val_drop=0.0077  entropy=1.9651 (b=0.366+m=1.599)  trans=10240  elapsed=244s
  iter   19  rollout_drop=0.0148  val_drop=0.0090  entropy=1.9813 (b=0.390+m=1.591)  trans=20480  elapsed=483s
  iter   29  rollout_drop=0.0094  val_drop=0.0149  entropy=1.9205 (b=0.348+m=1.573)  trans=30720  elapsed=722s
  iter   39  rollout_drop=0.0183  val_drop=0.0172  entropy=1.8584 (b=0.298+m=1.560)  trans=40960  elapsed=954s
  iter   49  rollout_drop=0.0235  val_drop=0.0285  entropy=1.8394 (b=0.283+m=1.556)  trans=51200  elapsed=1187s
  iter   59  rollout_drop=0.0674  val_drop=0.0447  entropy=1.7852 (b=0.210+m=1.575)  trans=61440  elapsed=1419s
  iter   69  rollout_drop=0.0530  val_drop=0.0512  entropy=1.7672 (b=0.185+m=1.582)  trans=71680  elapsed=1652s
  iter   79  rollout_drop=0.0671  val_drop=0.0565  entropy=1.7247 (b=0.151+m=1.574)  trans=81920  elapsed=1888s
  iter   89  rollout_drop=0.0627  val_drop=0.0612  entropy=1.7126 (b=0.140+m=1.572)  trans=92160  elapsed=2124s
  iter   99  rollout_drop=0.0895  val_drop=0.0631  entropy=1.6926 (b=0.135+m=1.557)  trans=102400  elapsed=2366s
  iter  109  rollout_drop=0.0712  val_drop=0.0701  entropy=1.6469 (b=0.098+m=1.549)  trans=112640  elapsed=2604s
  iter  119  rollout_drop=0.0730  val_drop=0.0723  entropy=1.6260 (b=0.093+m=1.533)  trans=122880  elapsed=2853s
  iter  129  rollout_drop=0.0609  val_drop=0.0754  entropy=1.6091 (b=0.079+m=1.530)  trans=133120  elapsed=3098s
  iter  139  rollout_drop=0.0906  val_drop=0.0781  entropy=1.5982 (b=0.069+m=1.529)  trans=143360  elapsed=3361s
  iter  149  rollout_drop=0.0904  val_drop=0.0808  entropy=1.5860 (b=0.060+m=1.526)  trans=153600  elapsed=3622s
  iter  159  rollout_drop=0.0967  val_drop=0.0812  entropy=1.5688 (b=0.064+m=1.505)  trans=163840  elapsed=3900s
  iter  169  rollout_drop=0.0798  val_drop=0.0826  entropy=1.5592 (b=0.073+m=1.486)  trans=174080  elapsed=4157s
  iter  179  rollout_drop=0.0907  val_drop=0.0833  entropy=1.5670 (b=0.076+m=1.491)  trans=184320  elapsed=4399s
  iter  189  rollout_drop=0.1015  val_drop=0.0872  entropy=1.5421 (b=0.085+m=1.457)  trans=194560  elapsed=4637s
  iter  199  rollout_drop=0.1109  val_drop=0.0899  entropy=1.5539 (b=0.103+m=1.451)  trans=204800  elapsed=4883s
  iter  209  rollout_drop=0.1035  val_drop=0.0932  entropy=1.5302 (b=0.092+m=1.438)  trans=215040  elapsed=5148s
  iter  219  rollout_drop=0.0899  val_drop=0.0944  entropy=1.4957 (b=0.105+m=1.390)  trans=225280  elapsed=5394s
  iter  229  rollout_drop=0.1114  val_drop=0.0997  entropy=1.4685 (b=0.120+m=1.348)  trans=235520  elapsed=5632s
  iter  239  rollout_drop=0.0932  val_drop=0.1034  entropy=1.4703 (b=0.126+m=1.344)  trans=245760  elapsed=5870s
  iter  249  rollout_drop=0.1098  val_drop=0.1064  entropy=1.4618 (b=0.136+m=1.326)  trans=256000  elapsed=6104s
  iter  259  rollout_drop=0.1283  val_drop=0.1129  entropy=1.4155 (b=0.141+m=1.275)  trans=266240  elapsed=6370s
  iter  269  rollout_drop=0.1390  val_drop=0.1285  entropy=1.4352 (b=0.155+m=1.280)  trans=276480  elapsed=6621s
  iter  279  rollout_drop=0.1575  val_drop=0.1372  entropy=1.4370 (b=0.145+m=1.292)  trans=286720  elapsed=6888s
  iter  289  rollout_drop=0.1791  val_drop=0.1576  entropy=1.3821 (b=0.140+m=1.242)  trans=296960  elapsed=7168s
  iter  299  rollout_drop=0.1428  val_drop=0.1678  entropy=1.3458 (b=0.128+m=1.218)  trans=307200  elapsed=7425s
  iter  309  rollout_drop=0.1939  val_drop=0.1763  entropy=1.3679 (b=0.105+m=1.263)  trans=317440  elapsed=7706s
  iter  319  rollout_drop=0.2253  val_drop=0.1831  entropy=1.3241 (b=0.085+m=1.239)  trans=327680  elapsed=7956s
  iter  329  rollout_drop=0.2061  val_drop=0.1917  entropy=1.3003 (b=0.071+m=1.230)  trans=337920  elapsed=8238s
  iter  339  rollout_drop=0.2074  val_drop=0.1943  entropy=1.2777 (b=0.059+m=1.219)  trans=348160  elapsed=8526s
  iter  349  rollout_drop=0.2108  val_drop=0.1959  entropy=1.2442 (b=0.052+m=1.192)  trans=358400  elapsed=8812s
  iter  359  rollout_drop=0.2112  val_drop=0.1978  entropy=1.1365 (b=0.046+m=1.090)  trans=368640  elapsed=9098s
  iter  369  rollout_drop=0.2222  val_drop=0.2008  entropy=1.0498 (b=0.042+m=1.008)  trans=378880  elapsed=9380s
  iter  379  rollout_drop=0.2309  val_drop=0.2018  entropy=1.0452 (b=0.034+m=1.011)  trans=389120  elapsed=9667s
  iter  389  rollout_drop=0.2232  val_drop=0.2040  entropy=0.9645 (b=0.028+m=0.936)  trans=399360  elapsed=9954s
  iter  399  rollout_drop=0.2216  val_drop=0.2032  entropy=0.9814 (b=0.029+m=0.952)  trans=409600  elapsed=10247s
  iter  409  rollout_drop=0.2346  val_drop=0.2052  entropy=1.0152 (b=0.023+m=0.993)  trans=419840  elapsed=10533s
  iter  419  rollout_drop=0.2291  val_drop=0.2074  entropy=0.9415 (b=0.019+m=0.923)  trans=430080  elapsed=10809s
  iter  429  rollout_drop=0.2338  val_drop=0.2058  entropy=0.9494 (b=0.018+m=0.931)  trans=440320  elapsed=11096s
  iter  439  rollout_drop=0.2281  val_drop=0.2050  entropy=1.0297 (b=0.018+m=1.012)  trans=450560  elapsed=11391s
  iter  449  rollout_drop=0.2228  val_drop=0.2054  entropy=1.0625 (b=0.018+m=1.044)  trans=460800  elapsed=11677s
  iter  459  rollout_drop=0.2179  val_drop=0.2054  entropy=1.0828 (b=0.016+m=1.067)  trans=471040  elapsed=11965s
  iter  469  rollout_drop=0.2282  val_drop=0.2054  entropy=1.0879 (b=0.016+m=1.072)  trans=481280  elapsed=12229s
  iter  479  rollout_drop=0.2346  val_drop=0.2058  entropy=1.0859 (b=0.014+m=1.072)  trans=491520  elapsed=12480s
  iter  489  rollout_drop=0.2203  val_drop=0.2054  entropy=1.0877 (b=0.017+m=1.070)  trans=501760  elapsed=12725s
  iter  499  rollout_drop=0.2318  val_drop=0.2058  entropy=1.0923 (b=0.013+m=1.079)  trans=512000  elapsed=12973s
  iter  509  rollout_drop=0.2246  val_drop=0.2054  entropy=1.0886 (b=0.013+m=1.076)  trans=522240  elapsed=13222s
  iter  519  rollout_drop=0.2252  val_drop=0.2063  entropy=1.0830 (b=0.012+m=1.071)  trans=532480  elapsed=13468s
  iter  529  rollout_drop=0.2346  val_drop=0.2085  entropy=1.0274 (b=0.010+m=1.017)  trans=542720  elapsed=13713s
  iter  539  rollout_drop=0.2305  val_drop=0.2096  entropy=1.0184 (b=0.010+m=1.009)  trans=552960  elapsed=13968s
  iter  549  rollout_drop=0.2320  val_drop=0.2075  entropy=1.0465 (b=0.010+m=1.036)  trans=563200  elapsed=14269s
  iter  559  rollout_drop=0.2320  val_drop=0.2088  entropy=1.0482 (b=0.010+m=1.038)  trans=573440  elapsed=14591s
  iter  569  rollout_drop=0.2154  val_drop=0.2088  entropy=1.0347 (b=0.010+m=1.024)  trans=583680  elapsed=14909s
  iter  579  rollout_drop=0.2264  val_drop=0.2093  entropy=0.9755 (b=0.008+m=0.967)  trans=593920  elapsed=15232s
  iter  589  rollout_drop=0.2286  val_drop=0.2093  entropy=0.9540 (b=0.009+m=0.945)  trans=604160  elapsed=15556s
  iter  599  rollout_drop=0.2261  val_drop=0.2093  entropy=0.9759 (b=0.008+m=0.967)  trans=614400  elapsed=15884s
  iter  609  rollout_drop=0.2255  val_drop=0.2093  entropy=0.9529 (b=0.008+m=0.945)  trans=624640  elapsed=16211s
  iter  619  rollout_drop=0.2208  val_drop=0.2096  entropy=0.9063 (b=0.008+m=0.898)  trans=634880  elapsed=16541s
  iter  629  rollout_drop=0.2317  val_drop=0.2092  entropy=0.8974 (b=0.009+m=0.888)  trans=645120  elapsed=16868s
  iter  639  rollout_drop=0.2226  val_drop=0.2098  entropy=0.8985 (b=0.008+m=0.890)  trans=655360  elapsed=17196s
  iter  649  rollout_drop=0.2346  val_drop=0.2105  entropy=0.8812 (b=0.008+m=0.873)  trans=665600  elapsed=17520s
  iter  659  rollout_drop=0.2229  val_drop=0.2102  entropy=0.9084 (b=0.008+m=0.900)  trans=675840  elapsed=17830s
  iter  669  rollout_drop=0.2139  val_drop=0.2102  entropy=0.9059 (b=0.006+m=0.900)  trans=686080  elapsed=18168s
  iter  679  rollout_drop=0.2284  val_drop=0.2106  entropy=0.9077 (b=0.006+m=0.902)  trans=696320  elapsed=18505s
  iter  689  rollout_drop=0.2346  val_drop=0.2102  entropy=0.9051 (b=0.006+m=0.899)  trans=706560  elapsed=18828s
  iter  699  rollout_drop=0.2320  val_drop=0.2114  entropy=0.8951 (b=0.005+m=0.890)  trans=716800  elapsed=19125s
  iter  709  rollout_drop=0.2346  val_drop=0.2114  entropy=0.8629 (b=0.005+m=0.858)  trans=727040  elapsed=19426s
  iter  719  rollout_drop=0.2320  val_drop=0.2114  entropy=0.8474 (b=0.005+m=0.843)  trans=737280  elapsed=19728s
  iter  729  rollout_drop=0.2287  val_drop=0.2114  entropy=0.8274 (b=0.005+m=0.822)  trans=747520  elapsed=20032s
  iter  739  rollout_drop=0.2346  val_drop=0.2114  entropy=0.8280 (b=0.005+m=0.823)  trans=757760  elapsed=20304s
  iter  749  rollout_drop=0.2346  val_drop=0.2114  entropy=0.8562 (b=0.004+m=0.852)  trans=768000  elapsed=20603s
  iter  759  rollout_drop=0.2320  val_drop=0.2114  entropy=0.7710 (b=0.004+m=0.767)  trans=778240  elapsed=20895s
  iter  769  rollout_drop=0.2312  val_drop=0.2114  entropy=0.6987 (b=0.004+m=0.695)  trans=788480  elapsed=21179s
  iter  779  rollout_drop=0.2227  val_drop=0.2114  entropy=0.6781 (b=0.005+m=0.673)  trans=798720  elapsed=21468s
  iter  789  rollout_drop=0.2317  val_drop=0.2106  entropy=0.6381 (b=0.007+m=0.632)  trans=808960  elapsed=21763s
  iter  799  rollout_drop=0.2346  val_drop=0.2114  entropy=0.6198 (b=0.005+m=0.615)  trans=819200  elapsed=22051s
  iter  809  rollout_drop=0.2178  val_drop=0.2114  entropy=0.5920 (b=0.005+m=0.587)  trans=829440  elapsed=22318s
  iter  819  rollout_drop=0.2346  val_drop=0.2121  entropy=0.5074 (b=0.004+m=0.504)  trans=839680  elapsed=22595s
  iter  829  rollout_drop=0.2317  val_drop=0.2121  entropy=0.4836 (b=0.004+m=0.480)  trans=849920  elapsed=22848s
  iter  839  rollout_drop=0.2346  val_drop=0.2124  entropy=0.4813 (b=0.004+m=0.477)  trans=860160  elapsed=23143s
  iter  849  rollout_drop=0.2317  val_drop=0.2121  entropy=0.5165 (b=0.003+m=0.514)  trans=870400  elapsed=23412s
  iter  859  rollout_drop=0.2346  val_drop=0.2121  entropy=0.4934 (b=0.003+m=0.491)  trans=880640  elapsed=23696s
  iter  869  rollout_drop=0.2346  val_drop=0.2121  entropy=0.4724 (b=0.003+m=0.469)  trans=890880  elapsed=23992s
  iter  879  rollout_drop=0.2346  val_drop=0.2124  entropy=0.4529 (b=0.003+m=0.450)  trans=901120  elapsed=24292s
  iter  889  rollout_drop=0.2346  val_drop=0.2124  entropy=0.4194 (b=0.003+m=0.417)  trans=911360  elapsed=24580s
  iter  899  rollout_drop=0.2346  val_drop=0.2124  entropy=0.4418 (b=0.002+m=0.440)  trans=921600  elapsed=24859s
  iter  909  rollout_drop=0.2320  val_drop=0.2124  entropy=0.4354 (b=0.002+m=0.433)  trans=931840  elapsed=25148s
  iter  919  rollout_drop=0.2346  val_drop=0.2124  entropy=0.4318 (b=0.002+m=0.430)  trans=942080  elapsed=25409s
  iter  929  rollout_drop=0.2346  val_drop=0.2124  entropy=0.4469 (b=0.002+m=0.445)  trans=952320  elapsed=25685s
  iter  939  rollout_drop=0.2346  val_drop=0.2124  entropy=0.4520 (b=0.002+m=0.450)  trans=962560  elapsed=25973s
  iter  949  rollout_drop=0.2346  val_drop=0.2124  entropy=0.4493 (b=0.002+m=0.447)  trans=972800  elapsed=26254s
  iter  959  rollout_drop=0.2346  val_drop=0.2121  entropy=0.4748 (b=0.002+m=0.473)  trans=983040  elapsed=26545s
  iter  969  rollout_drop=0.2346  val_drop=0.2124  entropy=0.4556 (b=0.002+m=0.453)  trans=993280  elapsed=26835s
  iter  979  rollout_drop=0.2346  val_drop=0.2121  entropy=0.4935 (b=0.002+m=0.491)  trans=1003520  elapsed=27125s
  iter  989  rollout_drop=0.2229  val_drop=0.2114  entropy=0.5940 (b=0.003+m=0.592)  trans=1013760  elapsed=27399s
  iter  999  rollout_drop=0.2346  val_drop=0.2114  entropy=0.5534 (b=0.002+m=0.551)  trans=1024000  elapsed=27661s

wrote E:\DATA\vscode\FluxPhased\experiments\array_face_s2\learning_repair\s2_ppo_output_amend02_seed20260730/train_metrics.jsonl (1000 rows)
wrote E:\DATA\vscode\FluxPhased\experiments\array_face_s2\learning_repair\s2_ppo_output_amend02_seed20260730/val_metrics.jsonl (100 rows)
elapsed: 27661.3s
