[gpu] Using device: cuda
[gpu] GPU: NVIDIA RTX PRO 6000 Blackwell Workstation Edition
[gpu] VRAM: 101.9 GB
Building env (num_envs=12, device=cuda) ...
Warp 1.10.1 initialized:
   CUDA Toolkit 12.8, Driver 13.2
   Devices:
     "cpu"      : "x86_64"
     "cuda:0"   : "NVIDIA RTX PRO 6000 Blackwell Workstation Edition" (95 GiB, sm_120, mempool enabled)
   Kernel cache:
     /home/ubuntu/.cache/warp/1.10.1
Module env.gpu.vec_channel 6a2afee load on device 'cuda:0' took 0.52 ms  (cached)
Module env.gpu.vec_array 0e899e2 load on device 'cuda:0' took 31.40 ms  (cached)
[ANCHOR-DD] n=0 team=0 cmd_in[0,t]=[fire=0.000,aim_x=0.0000,aim_y=0.0000] → _commander_aim[0,t]=(0.0,0.0,0.0)m
[ANCHOR-DD] n=0 team=1 cmd_in[0,t]=[fire=0.000,aim_x=0.0000,aim_y=0.0000] → _commander_aim[0,t]=(0.0,0.0,0.0)m
[ANCHOR-DD] n=1 team=0 cmd_in[0,t]=[fire=0.000,aim_x=0.0000,aim_y=0.0000] → _commander_aim[0,t]=(0.0,0.0,0.0)m
[ANCHOR-DD] n=1 team=1 cmd_in[0,t]=[fire=0.000,aim_x=0.0000,aim_y=0.0000] → _commander_aim[0,t]=(0.0,0.0,0.0)m
[ANCHOR-DD] n=2 team=0 cmd_in[0,t]=[fire=0.000,aim_x=0.0000,aim_y=0.0000] → _commander_aim[0,t]=(0.0,0.0,0.0)m
[ANCHOR-DD] n=2 team=1 cmd_in[0,t]=[fire=0.000,aim_x=0.0000,aim_y=0.0000] → _commander_aim[0,t]=(0.0,0.0,0.0)m
[ANCHOR-DD] n=3 team=0 cmd_in[0,t]=[fire=0.000,aim_x=0.0000,aim_y=0.0000] → _commander_aim[0,t]=(0.0,0.0,0.0)m
[ANCHOR-DD] n=3 team=1 cmd_in[0,t]=[fire=0.000,aim_x=0.0000,aim_y=0.0000] → _commander_aim[0,t]=(0.0,0.0,0.0)m
[ANCHOR-DD] n=4 team=0 cmd_in[0,t]=[fire=0.000,aim_x=0.0000,aim_y=0.0000] → _commander_aim[0,t]=(0.0,0.0,0.0)m
[ANCHOR-DD] n=4 team=1 cmd_in[0,t]=[fire=0.000,aim_x=0.0000,aim_y=0.0000] → _commander_aim[0,t]=(0.0,0.0,0.0)m
[ANCHOR-DD] n=5 team=0 cmd_in[0,t]=[fire=1.000,aim_x=0.0526,aim_y=0.1561] → _commander_aim[0,t]=(526.1,1561.2,-0.1)m
[ANCHOR-DD] n=5 team=1 cmd_in[0,t]=[fire=1.000,aim_x=0.0114,aim_y=-0.0461] → _commander_aim[0,t]=(113.8,-460.8,0.0)m
[ANCHOR-DD] n=6 team=0 cmd_in[0,t]=[fire=1.000,aim_x=0.0526,aim_y=0.1561] → _commander_aim[0,t]=(526.1,1561.2,-0.1)m
[ANCHOR-DD] n=6 team=1 cmd_in[0,t]=[fire=1.000,aim_x=0.0114,aim_y=-0.0461] → _commander_aim[0,t]=(113.8,-460.8,0.0)m
[ANCHOR-DD] n=7 team=0 cmd_in[0,t]=[fire=1.000,aim_x=0.0526,aim_y=0.1561] → _commander_aim[0,t]=(526.1,1561.2,-0.1)m
[ANCHOR-DD] n=7 team=1 cmd_in[0,t]=[fire=1.000,aim_x=0.0114,aim_y=-0.0461] → _commander_aim[0,t]=(113.8,-460.8,0.0)m
[ANCHOR-DD] n=8 team=0 cmd_in[0,t]=[fire=1.000,aim_x=0.0526,aim_y=0.1561] → _commander_aim[0,t]=(526.1,1561.2,-0.1)m
[ANCHOR-DD] n=8 team=1 cmd_in[0,t]=[fire=1.000,aim_x=0.0114,aim_y=-0.0461] → _commander_aim[0,t]=(113.8,-460.8,0.0)m
[ANCHOR-DD] n=9 team=0 cmd_in[0,t]=[fire=1.000,aim_x=0.0526,aim_y=0.1561] → _commander_aim[0,t]=(526.1,1561.2,-0.1)m
[ANCHOR-DD] n=9 team=1 cmd_in[0,t]=[fire=1.000,aim_x=0.0114,aim_y=-0.0461] → _commander_aim[0,t]=(113.8,-460.8,0.0)m
[ANCHOR-DD] n=10 team=0 cmd_in[0,t]=[fire=1.000,aim_x=0.1124,aim_y=0.3328] → _commander_aim[0,t]=(1123.9,3328.0,0.1)m
[ANCHOR-DD] n=10 team=1 cmd_in[0,t]=[fire=1.000,aim_x=0.0264,aim_y=-0.1011] → _commander_aim[0,t]=(263.6,-1011.1,0.0)m
[ANCHOR-DD] n=11 team=0 cmd_in[0,t]=[fire=1.000,aim_x=0.1124,aim_y=0.3328] → _commander_aim[0,t]=(1123.9,3328.0,0.1)m
[ANCHOR-DD] n=11 team=1 cmd_in[0,t]=[fire=1.000,aim_x=0.0264,aim_y=-0.1011] → _commander_aim[0,t]=(263.6,-1011.1,0.0)m
  [vs-MPC] mappo: NN WR=0.472 (34-38-0, n=72, 379s)
  [vs-MPC] ippo: NN WR=0.167 (12-60-0, n=72, 481s)
  [vs-MPC] pspfix: NN WR=0.431 (31-41-0, n=72, 432s)

Wrote /home/ubuntu/CODE/FluxPhased-/experiments/crossplay_mpc.md
