[gpu] Using device: cuda
[gpu] GPU: NVIDIA GeForce RTX 2060
[gpu] VRAM: 6.4 GB
S4 PPO (2D UPA cell binding)  seed=20260729
  train_seeds=64  val_seeds=64
  heads: [('cell', 'bernoulli', 25), ('beam', 'categorical', 25)]
  out_dir=E:\DATA\vscode\FluxPhased\experiments\array_face_s4\learning_repair\s4_ppo_output_seed20260729
  iter    9  rollout_drop=0.0028  val_drop=0.0042  entropy=7.0379 (c=3.830+b=3.208)  mean_cells=1.0  trans=10240  elapsed=393s
  iter   19  rollout_drop=0.0028  val_drop=0.0042  entropy=6.9923 (c=3.788+b=3.204)  mean_cells=1.0  trans=20480  elapsed=757s
  iter   29  rollout_drop=0.0028  val_drop=0.0042  entropy=7.1255 (c=3.921+b=3.204)  mean_cells=1.0  trans=30720  elapsed=1097s
  iter   39  rollout_drop=0.0028  val_drop=0.0042  entropy=6.9960 (c=3.797+b=3.199)  mean_cells=1.0  trans=40960  elapsed=1432s
  iter   49  rollout_drop=0.0086  val_drop=0.0047  entropy=6.9033 (c=3.716+b=3.187)  mean_cells=1.0  trans=51200  elapsed=1764s
  [checkpoint] saved iter 49
  iter   59  rollout_drop=0.0028  val_drop=0.0047  entropy=6.5535 (c=3.380+b=3.173)  mean_cells=1.0  trans=61440  elapsed=2095s
  iter   69  rollout_drop=0.0028  val_drop=0.0059  entropy=6.4362 (c=3.271+b=3.165)  mean_cells=1.0  trans=71680  elapsed=2424s
  iter   79  rollout_drop=0.0028  val_drop=0.0073  entropy=6.3748 (c=3.226+b=3.149)  mean_cells=1.0  trans=81920  elapsed=2753s
  iter   89  rollout_drop=0.0028  val_drop=0.0079  entropy=6.2870 (c=3.136+b=3.151)  mean_cells=1.0  trans=92160  elapsed=3096s
  iter   99  rollout_drop=0.0110  val_drop=0.0087  entropy=6.1424 (c=2.990+b=3.152)  mean_cells=1.0  trans=102400  elapsed=3431s
  [checkpoint] saved iter 99
  iter  109  rollout_drop=0.0058  val_drop=0.0079  entropy=6.0138 (c=2.862+b=3.152)  mean_cells=1.0  trans=112640  elapsed=3772s
  iter  119  rollout_drop=0.0028  val_drop=0.0064  entropy=6.0358 (c=2.886+b=3.150)  mean_cells=1.0  trans=122880  elapsed=4107s
  iter  129  rollout_drop=0.0163  val_drop=0.0068  entropy=5.9485 (c=2.806+b=3.143)  mean_cells=1.0  trans=133120  elapsed=4446s
  iter  139  rollout_drop=0.0063  val_drop=0.0072  entropy=5.8588 (c=2.714+b=3.145)  mean_cells=1.0  trans=143360  elapsed=4775s
  iter  149  rollout_drop=0.0028  val_drop=0.0072  entropy=5.8062 (c=2.676+b=3.130)  mean_cells=1.0  trans=153600  elapsed=5104s
  [checkpoint] saved iter 149
  iter  159  rollout_drop=0.0185  val_drop=0.0064  entropy=5.9501 (c=2.828+b=3.122)  mean_cells=1.0  trans=163840  elapsed=5430s
  iter  169  rollout_drop=0.0028  val_drop=0.0078  entropy=5.7446 (c=2.627+b=3.118)  mean_cells=1.0  trans=174080  elapsed=5758s
  iter  179  rollout_drop=0.0057  val_drop=0.0077  entropy=5.7670 (c=2.645+b=3.122)  mean_cells=1.0  trans=184320  elapsed=6088s
  iter  189  rollout_drop=0.0112  val_drop=0.0079  entropy=5.7297 (c=2.614+b=3.115)  mean_cells=1.0  trans=194560  elapsed=6418s
  iter  199  rollout_drop=0.0120  val_drop=0.0084  entropy=5.8484 (c=2.751+b=3.097)  mean_cells=1.0  trans=204800  elapsed=6746s
  [checkpoint] saved iter 199
  iter  209  rollout_drop=0.0089  val_drop=0.0084  entropy=5.6532 (c=2.571+b=3.082)  mean_cells=1.0  trans=215040  elapsed=7072s
  iter  219  rollout_drop=0.0028  val_drop=0.0091  entropy=5.9639 (c=2.884+b=3.079)  mean_cells=1.0  trans=225280  elapsed=7402s
  iter  229  rollout_drop=0.0028  val_drop=0.0082  entropy=5.6034 (c=2.544+b=3.060)  mean_cells=1.0  trans=235520  elapsed=7731s
  iter  239  rollout_drop=0.0105  val_drop=0.0090  entropy=5.6514 (c=2.594+b=3.058)  mean_cells=1.0  trans=245760  elapsed=8066s
  iter  249  rollout_drop=0.0117  val_drop=0.0087  entropy=5.7077 (c=2.672+b=3.036)  mean_cells=1.0  trans=256000  elapsed=8398s
  [checkpoint] saved iter 249
  iter  259  rollout_drop=0.0080  val_drop=0.0081  entropy=5.6415 (c=2.623+b=3.019)  mean_cells=1.0  trans=266240  elapsed=8727s
  iter  269  rollout_drop=0.0150  val_drop=0.0100  entropy=5.5854 (c=2.585+b=3.001)  mean_cells=1.0  trans=276480  elapsed=9056s
  iter  279  rollout_drop=0.0057  val_drop=0.0125  entropy=5.5452 (c=2.604+b=2.941)  mean_cells=1.0  trans=286720  elapsed=9384s
  iter  289  rollout_drop=0.0138  val_drop=0.0142  entropy=5.6817 (c=2.759+b=2.923)  mean_cells=1.0  trans=296960  elapsed=9713s
  iter  299  rollout_drop=0.0127  val_drop=0.0176  entropy=5.5604 (c=2.649+b=2.912)  mean_cells=1.0  trans=307200  elapsed=10042s
  [checkpoint] saved iter 299
  iter  309  rollout_drop=0.0261  val_drop=0.0204  entropy=5.8113 (c=2.942+b=2.869)  mean_cells=1.0  trans=317440  elapsed=10370s
  iter  319  rollout_drop=0.0204  val_drop=0.0217  entropy=5.5567 (c=2.727+b=2.830)  mean_cells=1.0  trans=327680  elapsed=10699s
  iter  329  rollout_drop=0.0285  val_drop=0.0253  entropy=5.4156 (c=2.631+b=2.784)  mean_cells=1.0  trans=337920  elapsed=11027s
  iter  339  rollout_drop=0.0372  val_drop=0.0279  entropy=5.6400 (c=2.897+b=2.743)  mean_cells=1.0  trans=348160  elapsed=11362s
  iter  349  rollout_drop=0.0323  val_drop=0.0306  entropy=5.2821 (c=2.670+b=2.612)  mean_cells=1.0  trans=358400  elapsed=11699s
  [checkpoint] saved iter 349
  iter  359  rollout_drop=0.0402  val_drop=0.0349  entropy=5.0853 (c=2.723+b=2.362)  mean_cells=1.0  trans=368640  elapsed=12035s
  iter  369  rollout_drop=0.0485  val_drop=0.0374  entropy=4.9142 (c=2.657+b=2.257)  mean_cells=1.0  trans=378880  elapsed=12371s
  iter  379  rollout_drop=0.0599  val_drop=0.0396  entropy=4.9558 (c=2.827+b=2.129)  mean_cells=1.0  trans=389120  elapsed=12707s
  iter  389  rollout_drop=0.0463  val_drop=0.0396  entropy=4.7210 (c=2.834+b=1.887)  mean_cells=1.0  trans=399360  elapsed=13044s
  iter  399  rollout_drop=0.0483  val_drop=0.0464  entropy=4.6186 (c=2.741+b=1.878)  mean_cells=1.0  trans=409600  elapsed=13378s
  [checkpoint] saved iter 399
  iter  409  rollout_drop=0.0534  val_drop=0.0508  entropy=4.5115 (c=2.939+b=1.573)  mean_cells=1.0  trans=419840  elapsed=13713s
  iter  419  rollout_drop=0.0648  val_drop=0.0554  entropy=4.0857 (c=2.894+b=1.192)  mean_cells=1.0  trans=430080  elapsed=14049s
  iter  429  rollout_drop=0.0740  val_drop=0.0546  entropy=3.8326 (c=2.802+b=1.031)  mean_cells=1.0  trans=440320  elapsed=14384s
  iter  439  rollout_drop=0.0589  val_drop=0.0570  entropy=3.7944 (c=2.859+b=0.935)  mean_cells=1.0  trans=450560  elapsed=14721s
  iter  449  rollout_drop=0.0568  val_drop=0.0553  entropy=3.7164 (c=2.906+b=0.811)  mean_cells=1.0  trans=460800  elapsed=15056s
  [checkpoint] saved iter 449
  iter  459  rollout_drop=0.0806  val_drop=0.0540  entropy=3.7670 (c=2.949+b=0.818)  mean_cells=1.0  trans=471040  elapsed=15392s
  iter  469  rollout_drop=0.0715  val_drop=0.0583  entropy=3.7573 (c=2.986+b=0.771)  mean_cells=1.0  trans=481280  elapsed=15727s
  iter  479  rollout_drop=0.0780  val_drop=0.0581  entropy=3.6708 (c=2.926+b=0.745)  mean_cells=1.0  trans=491520  elapsed=16063s
  iter  489  rollout_drop=0.0598  val_drop=0.0578  entropy=3.5726 (c=2.839+b=0.734)  mean_cells=1.0  trans=501760  elapsed=16398s
  iter  499  rollout_drop=0.0728  val_drop=0.0585  entropy=3.7846 (c=3.049+b=0.735)  mean_cells=1.0  trans=512000  elapsed=16733s
  [checkpoint] saved iter 499
  iter  509  rollout_drop=0.0714  val_drop=0.0591  entropy=3.5587 (c=2.866+b=0.693)  mean_cells=1.0  trans=522240  elapsed=17071s
  iter  519  rollout_drop=0.0834  val_drop=0.0614  entropy=3.3994 (c=2.794+b=0.606)  mean_cells=1.0  trans=532480  elapsed=17406s
  iter  529  rollout_drop=0.0742  val_drop=0.0619  entropy=3.3827 (c=2.822+b=0.561)  mean_cells=1.0  trans=542720  elapsed=17742s
  iter  539  rollout_drop=0.0616  val_drop=0.0600  entropy=3.5579 (c=2.879+b=0.679)  mean_cells=1.0  trans=552960  elapsed=18076s
  iter  549  rollout_drop=0.0706  val_drop=0.0611  entropy=3.3373 (c=2.812+b=0.525)  mean_cells=1.0  trans=563200  elapsed=18411s
  [checkpoint] saved iter 549
  iter  559  rollout_drop=0.0698  val_drop=0.0620  entropy=3.3903 (c=2.877+b=0.514)  mean_cells=1.0  trans=573440  elapsed=18749s
  iter  569  rollout_drop=0.0830  val_drop=0.0625  entropy=3.4229 (c=3.000+b=0.423)  mean_cells=1.0  trans=583680  elapsed=19085s
  iter  579  rollout_drop=0.0854  val_drop=0.0646  entropy=3.2083 (c=2.826+b=0.383)  mean_cells=1.0  trans=593920  elapsed=19421s
  iter  589  rollout_drop=0.0714  val_drop=0.0632  entropy=3.2606 (c=2.820+b=0.440)  mean_cells=1.0  trans=604160  elapsed=19757s
  iter  599  rollout_drop=0.0905  val_drop=0.0649  entropy=3.3503 (c=2.883+b=0.467)  mean_cells=1.0  trans=614400  elapsed=20093s
  [checkpoint] saved iter 599
  iter  609  rollout_drop=0.0742  val_drop=0.0664  entropy=3.6579 (c=2.917+b=0.741)  mean_cells=1.0  trans=624640  elapsed=20429s
  iter  619  rollout_drop=0.0689  val_drop=0.0644  entropy=3.8519 (c=2.889+b=0.963)  mean_cells=1.0  trans=634880  elapsed=20764s
  iter  629  rollout_drop=0.0917  val_drop=0.0655  entropy=3.8550 (c=2.835+b=1.020)  mean_cells=1.0  trans=645120  elapsed=21099s
  iter  639  rollout_drop=0.0735  val_drop=0.0663  entropy=3.7469 (c=2.838+b=0.909)  mean_cells=1.0  trans=655360  elapsed=21431s
  iter  649  rollout_drop=0.0650  val_drop=0.0632  entropy=3.5030 (c=2.740+b=0.763)  mean_cells=1.0  trans=665600  elapsed=21769s
  [checkpoint] saved iter 649
  iter  659  rollout_drop=0.0899  val_drop=0.0662  entropy=3.5535 (c=2.873+b=0.681)  mean_cells=1.0  trans=675840  elapsed=22102s
  iter  669  rollout_drop=0.0814  val_drop=0.0661  entropy=3.3071 (c=2.763+b=0.544)  mean_cells=1.0  trans=686080  elapsed=22438s
  iter  679  rollout_drop=0.0650  val_drop=0.0659  entropy=3.2597 (c=2.920+b=0.340)  mean_cells=1.0  trans=696320  elapsed=22773s
  iter  689  rollout_drop=0.0881  val_drop=0.0623  entropy=3.2791 (c=2.982+b=0.297)  mean_cells=1.0  trans=706560  elapsed=23108s
  iter  699  rollout_drop=0.0883  val_drop=0.0661  entropy=3.1981 (c=2.927+b=0.271)  mean_cells=1.0  trans=716800  elapsed=23442s
  [checkpoint] saved iter 699
  iter  709  rollout_drop=0.0922  val_drop=0.0676  entropy=2.8854 (c=2.678+b=0.207)  mean_cells=1.0  trans=727040  elapsed=23778s
  iter  719  rollout_drop=0.0914  val_drop=0.0682  entropy=2.8756 (c=2.699+b=0.176)  mean_cells=1.0  trans=737280  elapsed=24115s
  iter  729  rollout_drop=0.0798  val_drop=0.0681  entropy=3.1459 (c=2.939+b=0.207)  mean_cells=1.0  trans=747520  elapsed=24452s
  iter  739  rollout_drop=0.0778  val_drop=0.0653  entropy=3.1734 (c=2.977+b=0.197)  mean_cells=1.0  trans=757760  elapsed=24786s
  iter  749  rollout_drop=0.0784  val_drop=0.0663  entropy=3.0667 (c=2.822+b=0.245)  mean_cells=1.0  trans=768000  elapsed=25122s
  [checkpoint] saved iter 749
  iter  759  rollout_drop=0.0840  val_drop=0.0695  entropy=3.1338 (c=2.917+b=0.217)  mean_cells=1.0  trans=778240  elapsed=25459s
  iter  769  rollout_drop=0.0872  val_drop=0.0692  entropy=2.9123 (c=2.624+b=0.288)  mean_cells=1.0  trans=788480  elapsed=25796s
  iter  779  rollout_drop=0.0662  val_drop=0.0701  entropy=2.9020 (c=2.683+b=0.220)  mean_cells=1.0  trans=798720  elapsed=26132s
  iter  789  rollout_drop=0.0871  val_drop=0.0715  entropy=3.0652 (c=2.897+b=0.168)  mean_cells=1.0  trans=808960  elapsed=26467s
  iter  799  rollout_drop=0.0738  val_drop=0.0752  entropy=2.9597 (c=2.762+b=0.198)  mean_cells=1.0  trans=819200  elapsed=26802s
  [checkpoint] saved iter 799
  iter  809  rollout_drop=0.0817  val_drop=0.0708  entropy=3.2151 (c=2.917+b=0.298)  mean_cells=1.0  trans=829440  elapsed=27138s
  iter  819  rollout_drop=0.0773  val_drop=0.0738  entropy=3.0515 (c=2.835+b=0.217)  mean_cells=1.0  trans=839680  elapsed=27472s
  iter  829  rollout_drop=0.0783  val_drop=0.0721  entropy=3.2108 (c=2.979+b=0.232)  mean_cells=1.0  trans=849920  elapsed=27809s
  iter  839  rollout_drop=0.0726  val_drop=0.0747  entropy=3.0519 (c=2.798+b=0.254)  mean_cells=1.0  trans=860160  elapsed=28146s
  iter  849  rollout_drop=0.0945  val_drop=0.0750  entropy=2.9215 (c=2.679+b=0.243)  mean_cells=1.0  trans=870400  elapsed=28481s
  [checkpoint] saved iter 849
  iter  859  rollout_drop=0.0891  val_drop=0.0759  entropy=3.0014 (c=2.810+b=0.191)  mean_cells=1.0  trans=880640  elapsed=28818s
  iter  869  rollout_drop=0.0734  val_drop=0.0748  entropy=2.9814 (c=2.829+b=0.152)  mean_cells=1.0  trans=890880  elapsed=29156s
  iter  879  rollout_drop=0.0787  val_drop=0.0755  entropy=2.8838 (c=2.767+b=0.116)  mean_cells=1.0  trans=901120  elapsed=29493s
  iter  889  rollout_drop=0.0737  val_drop=0.0764  entropy=2.8178 (c=2.708+b=0.110)  mean_cells=1.0  trans=911360  elapsed=29830s
  iter  899  rollout_drop=0.0838  val_drop=0.0763  entropy=3.1698 (c=3.039+b=0.131)  mean_cells=1.0  trans=921600  elapsed=30166s
  [checkpoint] saved iter 899
  iter  909  rollout_drop=0.0829  val_drop=0.0772  entropy=2.8582 (c=2.703+b=0.155)  mean_cells=1.0  trans=931840  elapsed=30501s
  iter  919  rollout_drop=0.0989  val_drop=0.0803  entropy=2.9637 (c=2.808+b=0.155)  mean_cells=1.0  trans=942080  elapsed=30885s
  iter  929  rollout_drop=0.1024  val_drop=0.0780  entropy=2.9592 (c=2.793+b=0.166)  mean_cells=1.0  trans=952320  elapsed=31226s
  iter  939  rollout_drop=0.1105  val_drop=0.0779  entropy=2.8515 (c=2.693+b=0.158)  mean_cells=1.0  trans=962560  elapsed=31557s
  iter  949  rollout_drop=0.0981  val_drop=0.0802  entropy=3.0764 (c=2.906+b=0.170)  mean_cells=1.0  trans=972800  elapsed=31909s
  [checkpoint] saved iter 949
  iter  959  rollout_drop=0.0952  val_drop=0.0784  entropy=2.9324 (c=2.750+b=0.183)  mean_cells=1.0  trans=983040  elapsed=32258s
  iter  969  rollout_drop=0.1037  val_drop=0.0801  entropy=2.9175 (c=2.793+b=0.125)  mean_cells=1.0  trans=993280  elapsed=32599s
  iter  979  rollout_drop=0.0932  val_drop=0.0782  entropy=2.8831 (c=2.785+b=0.098)  mean_cells=1.0  trans=1003520  elapsed=32946s
  iter  989  rollout_drop=0.1042  val_drop=0.0776  entropy=3.0334 (c=2.892+b=0.142)  mean_cells=1.0  trans=1013760  elapsed=33282s
  iter  999  rollout_drop=0.0883  val_drop=0.0830  entropy=2.9978 (c=2.859+b=0.138)  mean_cells=1.0  trans=1024000  elapsed=33617s
  [checkpoint] saved iter 999

wrote E:\DATA\vscode\FluxPhased\experiments\array_face_s4\learning_repair\s4_ppo_output_seed20260729/train_metrics.jsonl
wrote E:\DATA\vscode\FluxPhased\experiments\array_face_s4\learning_repair\s4_ppo_output_seed20260729/val_metrics.jsonl
this session ran 1000 iters; elapsed 33617.6s
